Archive member included to satisfy reference by file (symbol)

C:/ST/STM32CubeIDE_1.16.1/STM32CubeIDE/plugins/com.st.stm32cube.ide.mcu.externaltools.gnu-tools-for-stm32.13.3.rel1.win32_1.0.0.202411081344/tools/bin/../lib/gcc/arm-none-eabi/13.3.1/../../../../arm-none-eabi/lib/thumb/v7e-m+fp/hard\libstdc++_nano.a(del_ops.o)
                              ./Core/Src/AT24C32_ConfigStorage.o (operator delete(void*, unsigned int))
C:/ST/STM32CubeIDE_1.16.1/STM32CubeIDE/plugins/com.st.stm32cube.ide.mcu.externaltools.gnu-tools-for-stm32.13.3.rel1.win32_1.0.0.202411081344/tools/bin/../lib/gcc/arm-none-eabi/13.3.1/../../../../arm-none-eabi/lib/thumb/v7e-m+fp/hard\libstdc++_nano.a(new_op.o)
                              ./Core/Src/MainMenu.o (operator new(unsigned int))
C:/ST/STM32CubeIDE_1.16.1/STM32CubeIDE/plugins/com.st.stm32cube.ide.mcu.externaltools.gnu-tools-for-stm32.13.3.rel1.win32_1.0.0.202411081344/tools/bin/../lib/gcc/arm-none-eabi/13.3.1/../../../../arm-none-eabi/lib/thumb/v7e-m+fp/hard\libstdc++_nano.a(functexcept.o)
                              ./Core/Src/MainMenu.o (std::__throw_bad_alloc())
C:/ST/STM32CubeIDE_1.16.1/STM32CubeIDE/plugins/com.st.stm32cube.ide.mcu.externaltools.gnu-tools-for-stm32.13.3.rel1.win32_1.0.0.202411081344/tools/bin/../lib/gcc/arm-none-eabi/13.3.1/../../../../arm-none-eabi/lib/thumb/v7e-m+fp/hard\libstdc++_nano.a(functional.o)
                              ./Core/Src/MainMenu.o (std::__throw_bad_function_call())
C:/ST/STM32CubeIDE_1.16.1/STM32CubeIDE/plugins/com.st.stm32cube.ide.mcu.externaltools.gnu-tools-for-stm32.13.3.rel1.win32_1.0.0.202411081344/tools/bin/../lib/gcc/arm-none-eabi/13.3.1/../../../../arm-none-eabi/lib/thumb/v7e-m+fp/hard\libstdc++_nano.a(string-inst.o)
                              ./Core/Src/BuildMenu.o (std::__cxx11::basic_string<char, std::char_traits<char>, std::allocator<char> >::~basic_string())
C:/ST/STM32CubeIDE_1.16.1/STM32CubeIDE/plugins/com.st.stm32cube.ide.mcu.externaltools.gnu-tools-for-stm32.13.3.rel1.win32_1.0.0.202411081344/tools/bin/../lib/gcc/arm-none-eabi/13.3.1/../../../../arm-none-eabi/lib/thumb/v7e-m+fp/hard\libstdc++_nano.a(del_op.o)
                              C:/ST/STM32CubeIDE_1.16.1/STM32CubeIDE/plugins/com.st.stm32cube.ide.mcu.externaltools.gnu-tools-for-stm32.13.3.rel1.win32_1.0.0.202411081344/tools/bin/../lib/gcc/arm-none-eabi/13.3.1/../../../../arm-none-eabi/lib/thumb/v7e-m+fp/hard\libstdc++_nano.a(del_ops.o) (operator delete(void*))
C:/ST/STM32CubeIDE_1.16.1/STM32CubeIDE/plugins/com.st.stm32cube.ide.mcu.externaltools.gnu-tools-for-stm32.13.3.rel1.win32_1.0.0.202411081344/tools/bin/../lib/gcc/arm-none-eabi/13.3.1/../../../../arm-none-eabi/lib/thumb/v7e-m+fp/hard\libstdc++_nano.a(eh_exception.o)
                              C:/ST/STM32CubeIDE_1.16.1/STM32CubeIDE/plugins/com.st.stm32cube.ide.mcu.externaltools.gnu-tools-for-stm32.13.3.rel1.win32_1.0.0.202411081344/tools/bin/../lib/gcc/arm-none-eabi/13.3.1/../../../../arm-none-eabi/lib/thumb/v7e-m+fp/hard\libstdc++_nano.a(functional.o) (std::exception::~exception())
C:/ST/STM32CubeIDE_1.16.1/STM32CubeIDE/plugins/com.st.stm32cube.ide.mcu.externaltools.gnu-tools-for-stm32.13.3.rel1.win32_1.0.0.202411081344/tools/bin/../lib/gcc/arm-none-eabi/13.3.1/../../../../arm-none-eabi/lib/thumb/v7e-m+fp/hard\libstdc++_nano.a(new_handler.o)
                              C:/ST/STM32CubeIDE_1.16.1/STM32CubeIDE/plugins/com.st.stm32cube.ide.mcu.externaltools.gnu-tools-for-stm32.13.3.rel1.win32_1.0.0.202411081344/tools/bin/../lib/gcc/arm-none-eabi/13.3.1/../../../../arm-none-eabi/lib/thumb/v7e-m+fp/hard\libstdc++_nano.a(new_op.o) (std::get_new_handler())
C:/ST/STM32CubeIDE_1.16.1/STM32CubeIDE/plugins/com.st.stm32cube.ide.mcu.externaltools.gnu-tools-for-stm32.13.3.rel1.win32_1.0.0.202411081344/tools/bin/../lib/gcc/arm-none-eabi/13.3.1/../../../../arm-none-eabi/lib/thumb/v7e-m+fp/hard\libstdc++_nano.a(si_class_type_info.o)
                              C:/ST/STM32CubeIDE_1.16.1/STM32CubeIDE/plugins/com.st.stm32cube.ide.mcu.externaltools.gnu-tools-for-stm32.13.3.rel1.win32_1.0.0.202411081344/tools/bin/../lib/gcc/arm-none-eabi/13.3.1/../../../../arm-none-eabi/lib/thumb/v7e-m+fp/hard\libstdc++_nano.a(functional.o) (vtable for __cxxabiv1::__si_class_type_info)
C:/ST/STM32CubeIDE_1.16.1/STM32CubeIDE/plugins/com.st.stm32cube.ide.mcu.externaltools.gnu-tools-for-stm32.13.3.rel1.win32_1.0.0.202411081344/tools/bin/../lib/gcc/arm-none-eabi/13.3.1/../../../../arm-none-eabi/lib/thumb/v7e-m+fp/hard\libstdc++_nano.a(tinfo.o)
                              C:/ST/STM32CubeIDE_1.16.1/STM32CubeIDE/plugins/com.st.stm32cube.ide.mcu.externaltools.gnu-tools-for-stm32.13.3.rel1.win32_1.0.0.202411081344/tools/bin/../lib/gcc/arm-none-eabi/13.3.1/../../../../arm-none-eabi/lib/thumb/v7e-m+fp/hard\libstdc++_nano.a(si_class_type_info.o) (std::type_info::__is_pointer_p() const)
[...]
Memory Configuration

Name             Origin             Length             Attributes
RAM              0x20000000         0x00020000         xrw
FLASH            0x08000000         0x00080000         xr
*default*        0x00000000         0xffffffff

Linker script and memory map

LOAD C:/ST/STM32CubeIDE_1.16.1/STM32CubeIDE/plugins/com.st.stm32cube.ide.mcu.externaltools.gnu-tools-for-stm32.13.3.rel1.win32_1.0.0.202411081344/tools/bin/../lib/gcc/arm-none-eabi/13.3.1/thumb/v7e-m+fp/hard/crti.o
LOAD C:/ST/STM32CubeIDE_1.16.1/STM32CubeIDE/plugins/com.st.stm32cube.ide.mcu.externaltools.gnu-tools-for-stm32.13.3.rel1.win32_1.0.0.202411081344/tools/bin/../lib/gcc/arm-none-eabi/13.3.1/thumb/v7e-m+fp/hard/crtbegin.o
LOAD C:/ST/STM32CubeIDE_1.16.1/STM32CubeIDE/plugins/com.st.stm32cube.ide.mcu.externaltools.gnu-tools-for-stm32.13.3.rel1.win32_1.0.0.202411081344/tools/bin/../lib/gcc/arm-none-eabi/13.3.1/../../../../arm-none-eabi/lib/thumb/v7e-m+fp/hard/crt0.o
LOAD ./Core/Src/AT24C32_ConfigStorage.o
LOAD ./Core/Src/AlarmRTC.o
LOAD ./Core/Src/BuildMenu.o
LOAD ./Core/Src/EncoderController.o
LOAD ./Core/Src/MainMenu.o
LOAD ./Core/Src/RTCController.o
LOAD ./Core/Src/TemperatureSensors.o
LOAD ./Core/Src/buttonsSetup.o
LOAD ./Core/Src/gpio.o
LOAD ./Core/Src/i2c.o
LOAD ./Core/Src/liquidcrystal_i2c.o
LOAD ./Core/Src/main.o
LOAD ./Core/Src/rtc.o
LOAD ./Core/Src/stm32f4xx_hal_msp.o
LOAD ./Core/Src/stm32f4xx_it.o
LOAD ./Core/Src/syscalls.o
LOAD ./Core/Src/sysmem.o
LOAD ./Core/Src/system_stm32f4xx.o
LOAD ./Core/Src/tim.o
LOAD ./Core/Startup/startup_stm32f411ceux.o
LOAD ./Drivers/STM32F4xx_HAL_Driver/Src/stm32f4xx_hal.o
LOAD ./Drivers/STM32F4xx_HAL_Driver/Src/stm32f4xx_hal_cortex.o
LOAD ./Drivers/STM32F4xx_HAL_Driver/Src/stm32f4xx_hal_dma.o
LOAD ./Drivers/STM32F4xx_HAL_Driver/Src/stm32f4xx_hal_dma_ex.o
LOAD ./Drivers/STM32F4xx_HAL_Driver/Src/stm32f4xx_hal_exti.o
LOAD ./Drivers/STM32F4xx_HAL_Driver/Src/stm32f4xx_hal_flash.o
LOAD ./Drivers/STM32F4xx_HAL_Driver/Src/stm32f4xx_hal_flash_ex.o
LOAD ./Drivers/STM32F4xx_HAL_Driver/Src/stm32f4xx_hal_flash_ramfunc.o
LOAD ./Drivers/STM32F4xx_HAL_Driver/Src/stm32f4xx_hal_gpio.o
LOAD ./Drivers/STM32F4xx_HAL_Driver/Src/stm32f4xx_hal_i2c.o
LOAD ./Drivers/STM32F4xx_HAL_Driver/Src/stm32f4xx_hal_i2c_ex.o
LOAD ./Drivers/STM32F4xx_HAL_Driver/Src/stm32f4xx_hal_pwr.o
LOAD ./Drivers/STM32F4xx_HAL_Driver/Src/stm32f4xx_hal_pwr_ex.o
LOAD ./Drivers/STM32F4xx_HAL_Driver/Src/stm32f4xx_hal_rcc.o
LOAD ./Drivers/STM32F4xx_HAL_Driver/Src/stm32f4xx_hal_rcc_ex.o
LOAD ./Drivers/STM32F4xx_HAL_Driver/Src/stm32f4xx_hal_rtc.o
LOAD ./Drivers/STM32F4xx_HAL_Driver/Src/stm32f4xx_hal_rtc_ex.o
LOAD ./Drivers/STM32F4xx_HAL_Driver/Src/stm32f4xx_hal_tim.o
LOAD ./Drivers/STM32F4xx_HAL_Driver/Src/stm32f4xx_hal_tim_ex.o
START GROUP
LOAD C:/ST/STM32CubeIDE_1.16.1/STM32CubeIDE/plugins/com.st.stm32cube.ide.mcu.externaltools.gnu-tools-for-stm32.13.3.rel1.win32_1.0.0.202411081344/tools/bin/../lib/gcc/arm-none-eabi/13.3.1/../../../../arm-none-eabi/lib/thumb/v7e-m+fp/hard\libstdc++_nano.a
LOAD C:/ST/STM32CubeIDE_1.16.1/STM32CubeIDE/plugins/com.st.stm32cube.ide.mcu.externaltools.gnu-tools-for-stm32.13.3.rel1.win32_1.0.0.202411081344/tools/bin/../lib/gcc/arm-none-eabi/13.3.1/../../../../arm-none-eabi/lib/thumb/v7e-m+fp/hard\libsupc++_nano.a
END GROUP
LOAD C:/ST/STM32CubeIDE_1.16.1/STM32CubeIDE/plugins/com.st.stm32cube.ide.mcu.externaltools.gnu-tools-for-stm32.13.3.rel1.win32_1.0.0.202411081344/tools/bin/../lib/gcc/arm-none-eabi/13.3.1/../../../../arm-none-eabi/lib/thumb/v7e-m+fp/hard\libstdc++_nano.a
LOAD C:/ST/STM32CubeIDE_1.16.1/STM32CubeIDE/plugins/com.st.stm32cube.ide.mcu.externaltools.gnu-tools-for-stm32.13.3.rel1.win32_1.0.0.202411081344/tools/bin/../lib/gcc/arm-none-eabi/13.3.1/../../../../arm-none-eabi/lib/thumb/v7e-m+fp/hard\libm.a
LOAD C:/ST/STM32CubeIDE_1.16.1/STM32CubeIDE/plugins/com.st.stm32cube.ide.mcu.externaltools.gnu-tools-for-stm32.13.3.rel1.win32_1.0.0.202411081344/tools/bin/../lib/gcc/arm-none-eabi/13.3.1/../../../../arm-none-eabi/lib/thumb/v7e-m+fp/hard\libc_nano.a
START GROUP
LOAD C:/ST/STM32CubeIDE_1.16.1/STM32CubeIDE/plugins/com.st.stm32cube.ide.mcu.externaltools.gnu-tools-for-stm32.13.3.rel1.win32_1.0.0.202411081344/tools/bin/../lib/gcc/arm-none-eabi/13.3.1/thumb/v7e-m+fp/hard\libgcc.a
LOAD C:/ST/STM32CubeIDE_1.16.1/STM32CubeIDE/plugins/com.st.stm32cube.ide.mcu.externaltools.gnu-tools-for-stm32.13.3.rel1.win32_1.0.0.202411081344/tools/bin/../lib/gcc/arm-none-eabi/13.3.1/../../../../arm-none-eabi/lib/thumb/v7e-m+fp/hard\libc_nano.a
END GROUP
START GROUP
LOAD C:/ST/STM32CubeIDE_1.16.1/STM32CubeIDE/plugins/com.st.stm32cube.ide.mcu.externaltools.gnu-tools-for-stm32.13.3.rel1.win32_1.0.0.202411081344/tools/bin/../lib/gcc/arm-none-eabi/13.3.1/thumb/v7e-m+fp/hard\libgcc.a
LOAD C:/ST/STM32CubeIDE_1.16.1/STM32CubeIDE/plugins/com.st.stm32cube.ide.mcu.externaltools.gnu-tools-for-stm32.13.3.rel1.win32_1.0.0.202411081344/tools/bin/../lib/gcc/arm-none-eabi/13.3.1/../../../../arm-none-eabi/lib/thumb/v7e-m+fp/hard\libc_nano.a
LOAD C:/ST/STM32CubeIDE_1.16.1/STM32CubeIDE/plugins/com.st.stm32cube.ide.mcu.externaltools.gnu-tools-for-stm32.13.3.rel1.win32_1.0.0.202411081344/tools/bin/../lib/gcc/arm-none-eabi/13.3.1/../../../../arm-none-eabi/lib/thumb/v7e-m+fp/hard\libnosys.a
END GROUP
START GROUP
LOAD C:/ST/STM32CubeIDE_1.16.1/STM32CubeIDE/plugins/com.st.stm32cube.ide.mcu.externaltools.gnu-tools-for-stm32.13.3.rel1.win32_1.0.0.202411081344/tools/bin/../lib/gcc/arm-none-eabi/13.3.1/thumb/v7e-m+fp/hard\libgcc.a
LOAD C:/ST/STM32CubeIDE_1.16.1/STM32CubeIDE/plugins/com.st.stm32cube.ide.mcu.externaltools.gnu-tools-for-stm32.13.3.rel1.win32_1.0.0.202411081344/tools/bin/../lib/gcc/arm-none-eabi/13.3.1/../../../../arm-none-eabi/lib/thumb/v7e-m+fp/hard\libc_nano.a
LOAD C:/ST/STM32CubeIDE_1.16.1/STM32CubeIDE/plugins/com.st.stm32cube.ide.mcu.externaltools.gnu-tools-for-stm32.13.3.rel1.win32_1.0.0.202411081344/tools/bin/../lib/gcc/arm-none-eabi/13.3.1/../../../../arm-none-eabi/lib/thumb/v7e-m+fp/hard\libnosys.a
END GROUP
LOAD C:/ST/STM32CubeIDE_1.16.1/STM32CubeIDE/plugins/com.st.stm32cube.ide.mcu.externaltools.gnu-tools-for-stm32.13.3.rel1.win32_1.0.0.202411081344/tools/bin/../lib/gcc/arm-none-eabi/13.3.1/thumb/v7e-m+fp/hard/crtend.o
LOAD C:/ST/STM32CubeIDE_1.16.1/STM32CubeIDE/plugins/com.st.stm32cube.ide.mcu.externaltools.gnu-tools-for-stm32.13.3.rel1.win32_1.0.0.202411081344/tools/bin/../lib/gcc/arm-none-eabi/13.3.1/thumb/v7e-m+fp/hard/crtn.o
                0x20020000                        _estack = (ORIGIN (RAM) + LENGTH (RAM))
                0x00000200                        _Min_Heap_Size = 0x200
                0x00000400                        _Min_Stack_Size = 0x400

.isr_vector     0x08000000      0x198
                0x08000000                        . = ALIGN (0x4)
 *(.isr_vector)
 .isr_vector    0x08000000      0x198 ./Core/Startup/startup_stm32f411ceux.o
                0x08000000                g_pfnVectors
                0x08000198                        . = ALIGN (0x4)

.text           0x080001a0    0x10fe0
                0x080001a0                        . = ALIGN (0x4)
 *(.text)
 .text          0x080001a0       0x40 C:/ST/STM32CubeIDE_1.16.1/STM32CubeIDE/plugins/com.st.stm32cube.ide.mcu.externaltools.gnu-tools-for-stm32.13.3.rel1.win32_1.0.0.202411081344/tools/bin/../lib/gcc/arm-none-eabi/13.3.1/thumb/v7e-m+fp/hard/crtbegin.o
 .text          0x080001e0       0xa0 C:/ST/STM32CubeIDE_1.16.1/STM32CubeIDE/plugins/com.st.stm32cube.ide.mcu.externaltools.gnu-tools-for-stm32.13.3.rel1.win32_1.0.0.202411081344/tools/bin/../lib/gcc/arm-none-eabi/13.3.1/../../../../arm-none-eabi/lib/thumb/v7e-m+fp/hard\libc_nano.a(libc_a-memchr.o)
                0x080001e0                memchr
 .text          0x08000280       0x10 C:/ST/STM32CubeIDE_1.16.1/STM32CubeIDE/plugins/com.st.stm32cube.ide.mcu.externaltools.gnu-tools-for-stm32.13.3.rel1.win32_1.0.0.202411081344/tools/bin/../lib/gcc/arm-none-eabi/13.3.1/../../../../arm-none-eabi/lib/thumb/v7e-m+fp/hard\libc_nano.a(libc_a-strlen.o)
                0x08000280                strlen
 .text          0x08000290      0x378 C:/ST/STM32CubeIDE_1.16.1/STM32CubeIDE/plugins/com.st.stm32cube.ide.mcu.externaltools.gnu-tools-for-stm32.13.3.rel1.win32_1.0.0.202411081344/tools/bin/../lib/gcc/arm-none-eabi/13.3.1/thumb/v7e-m+fp/hard\libgcc.a(_arm_addsubdf3.o)
                0x08000290                __aeabi_drsub
                0x08000298                __aeabi_dsub
                0x08000298                __subdf3
                0x0800029c                __aeabi_dadd
                0x0800029c                __adddf3
                0x08000514                __floatunsidf
                0x08000514                __aeabi_ui2d
                0x08000534                __floatsidf
                0x08000534                __aeabi_i2d
                0x08000558                __aeabi_f2d
                0x08000558                __extendsfdf2
                0x0800059c                __floatundidf
                0x0800059c                __aeabi_ul2d
                0x080005ac                __floatdidf
                0x080005ac                __aeabi_l2d
 .text          0x08000608      0x424 C:/ST/STM32CubeIDE_1.16.1/STM32CubeIDE/plugins/com.st.stm32cube.ide.mcu.externaltools.gnu-tools-for-stm32.13.3.rel1.win32_1.0.0.202411081344/tools/bin/../lib/gcc/arm-none-eabi/13.3.1/thumb/v7e-m+fp/hard\libgcc.a(_arm_muldivdf3.o)
                0x08000608                __aeabi_dmul
                0x08000608                __muldf3
                0x0800085c                __divdf3
                0x0800085c                __aeabi_ddiv
 .text          0x08000a2c      0x110 C:/ST/STM32CubeIDE_1.16.1/STM32CubeIDE/plugins/com.st.stm32cube.ide.mcu.externaltools.gnu-tools-for-stm32.13.3.rel1.win32_1.0.0.202411081344/tools/bin/../lib/gcc/arm-none-eabi/13.3.1/thumb/v7e-m+fp/hard\libgcc.a(_arm_cmpdf2.o)
                0x08000a2c                __gtdf2
                0x08000a2c                __gedf2
                0x08000a34                __ltdf2
                0x08000a34                __ledf2
                0x08000a3c                __nedf2
                0x08000a3c                __eqdf2
                0x08000a3c                __cmpdf2
                0x08000ab8                __aeabi_cdrcmple
                0x08000ac8                __aeabi_cdcmpeq
                0x08000ac8                __aeabi_cdcmple
                0x08000ad8                __aeabi_dcmpeq
                0x08000aec                __aeabi_dcmplt
                0x08000b00                __aeabi_dcmple
                0x08000b14                __aeabi_dcmpge
                0x08000b28                __aeabi_dcmpgt
 .text          0x08000b3c       0x2c C:/ST/STM32CubeIDE_1.16.1/STM32CubeIDE/plugins/com.st.stm32cube.ide.mcu.externaltools.gnu-tools-for-stm32.13.3.rel1.win32_1.0.0.202411081344/tools/bin/../lib/gcc/arm-none-eabi/13.3.1/thumb/v7e-m+fp/hard\libgcc.a(_arm_unorddf2.o)
                0x08000b3c                __unorddf2
                0x08000b3c                __aeabi_dcmpun
 .text          0x08000b68       0x50 C:/ST/STM32CubeIDE_1.16.1/STM32CubeIDE/plugins/com.st.stm32cube.ide.mcu.externaltools.gnu-tools-for-stm32.13.3.rel1.win32_1.0.0.202411081344/tools/bin/../lib/gcc/arm-none-eabi/13.3.1/thumb/v7e-m+fp/hard\libgcc.a(_arm_fixdfsi.o)
                0x08000b68                __aeabi_d2iz
                0x08000b68                __fixdfsi
 .text          0x08000bb8       0x40 C:/ST/STM32CubeIDE_1.16.1/STM32CubeIDE/plugins/com.st.stm32cube.ide.mcu.externaltools.gnu-tools-for-stm32.13.3.rel1.win32_1.0.0.202411081344/tools/bin/../lib/gcc/arm-none-eabi/13.3.1/thumb/v7e-m+fp/hard\libgcc.a(_arm_fixunsdfsi.o)
                0x08000bb8                __aeabi_d2uiz
                0x08000bb8                __fixunsdfsi
 .text          0x08000bf8       0xa0 C:/ST/STM32CubeIDE_1.16.1/STM32CubeIDE/plugins/com.st.stm32cube.ide.mcu.externaltools.gnu-tools-for-stm32.13.3.rel1.win32_1.0.0.202411081344/tools/bin/../lib/gcc/arm-none-eabi/13.3.1/thumb/v7e-m+fp/hard\libgcc.a(_arm_truncdfsf2.o)
                0x08000bf8                __truncdfsf2
                0x08000bf8                __aeabi_d2f
 .text          0x08000c98       0x30 C:/ST/STM32CubeIDE_1.16.1/STM32CubeIDE/plugins/com.st.stm32cube.ide.mcu.externaltools.gnu-tools-for-stm32.13.3.rel1.win32_1.0.0.202411081344/tools/bin/../lib/gcc/arm-none-eabi/13.3.1/thumb/v7e-m+fp/hard\libgcc.a(_aeabi_uldivmod.o)
                0x08000c98                __aeabi_uldivmod
 .text          0x08000cc8       0x30 C:/ST/STM32CubeIDE_1.16.1/STM32CubeIDE/plugins/com.st.stm32cube.ide.mcu.externaltools.gnu-tools-for-stm32.13.3.rel1.win32_1.0.0.202411081344/tools/bin/../lib/gcc/arm-none-eabi/13.3.1/thumb/v7e-m+fp/hard\libgcc.a(_fixdfdi.o)
                0x08000cc8                __fixdfdi
                0x08000cc8                __aeabi_d2lz
 .text          0x08000cf8       0x3c C:/ST/STM32CubeIDE_1.16.1/STM32CubeIDE/plugins/com.st.stm32cube.ide.mcu.externaltools.gnu-tools-for-stm32.13.3.rel1.win32_1.0.0.202411081344/tools/bin/../lib/gcc/arm-none-eabi/13.3.1/thumb/v7e-m+fp/hard\libgcc.a(_fixunsdfdi.o)
                0x08000cf8                __fixunsdfdi
                0x08000cf8                __aeabi_d2ulz
 .text          0x08000d34      0x2f8 C:/ST/STM32CubeIDE_1.16.1/STM32CubeIDE/plugins/com.st.stm32cube.ide.mcu.externaltools.gnu-tools-for-stm32.13.3.rel1.win32_1.0.0.202411081344/tools/bin/../lib/gcc/arm-none-eabi/13.3.1/thumb/v7e-m+fp/hard\libgcc.a(_udivmoddi4.o)
                0x08000d34                __udivmoddi4
 .text          0x0800102c        0x4 C:/ST/STM32CubeIDE_1.16.1/STM32CubeIDE/plugins/com.st.stm32cube.ide.mcu.externaltools.gnu-tools-for-stm32.13.3.rel1.win32_1.0.0.202411081344/tools/bin/../lib/gcc/arm-none-eabi/13.3.1/thumb/v7e-m+fp/hard\libgcc.a(_dvmd_tls.o)
                0x0800102c                __aeabi_idiv0
                0x0800102c                __aeabi_ldiv0
 *(.text*)
 .text._ZN21AT24C32_ConfigStorage5Crc32EPKhm
                0x08001030       0x7c ./Core/Src/AT24C32_ConfigStorage.o
                0x08001030                AT24C32_ConfigStorage::Crc32(unsigned char const*, unsigned long)
 .text._ZN21AT24C32_ConfigStorage11CalcBlobCrcERKNS_4BlobE
                0x080010ac       0x1a ./Core/Src/AT24C32_ConfigStorage.o
                0x080010ac                AT24C32_ConfigStorage::CalcBlobCrc(AT24C32_ConfigStorage::Blob const&)
 *fill*         0x080010c6        0x2 
 .text._ZN21AT24C32_ConfigStorage18ValidateBlobHeaderERKNS_4BlobE
                0x080010c8       0x44 ./Core/Src/AT24C32_ConfigStorage.o
                0x080010c8                AT24C32_ConfigStorage::ValidateBlobHeader(AT24C32_ConfigStorage::Blob const&)
 .text._ZN21AT24C32_ConfigStorage4PackERNS_4BlobERK12DeviceConfigRK10AquaConfig
                0x0800110c       0x2c ./Core/Src/AT24C32_ConfigStorage.o
                0x0800110c                AT24C32_ConfigStorage::Pack(AT24C32_ConfigStorage::Blob&, DeviceConfig const&, AquaConfig const&)
 .text._ZN21AT24C32_ConfigStorage6UnpackERKNS_4BlobER12DeviceConfigR10AquaConfig
                0x08001138       0x2e ./Core/Src/AT24C32_ConfigStorage.o
                0x08001138                AT24C32_ConfigStorage::Unpack(AT24C32_ConfigStorage::Blob const&, DeviceConfig&, AquaConfig&)
 *fill*         0x08001166        0x2 
 .text._ZN14IConfigStorageC2Ev
                0x08001168       0x20 ./Core/Src/AT24C32_ConfigStorage.o
                0x08001168                IConfigStorage::IConfigStorage()
                0x08001168                IConfigStorage::IConfigStorage()
 .text._ZN14IConfigStorageD2Ev
                0x08001188       0x20 ./Core/Src/AT24C32_ConfigStorage.o
                0x08001188                IConfigStorage::~IConfigStorage()
                0x08001188                IConfigStorage::~IConfigStorage()
 .text._ZN14IConfigStorageD0Ev
                0x080011a8       0x20 ./Core/Src/AT24C32_ConfigStorage.o
                0x080011a8                IConfigStorage::~IConfigStorage()
 .text._ZN21AT24C32_ConfigStorageC2EP17I2C_HandleTypeDefh
                0x080011c8       0x3c ./Core/Src/AT24C32_ConfigStorage.o
                0x080011c8                AT24C32_ConfigStorage::AT24C32_ConfigStorage(I2C_HandleTypeDef*, unsigned char)
                0x080011c8                AT24C32_ConfigStorage::AT24C32_ConfigStorage(I2C_HandleTypeDef*, unsigned char)
 .text._ZN21AT24C32_ConfigStorage9WaitReadyEm
                0x08001204       0x5a ./Core/Src/AT24C32_ConfigStorage.o
                0x08001204                AT24C32_ConfigStorage::WaitReady(unsigned long)
 .text._ZN21AT24C32_ConfigStorage9ReadBytesEtPht
                0x0800125e       0x5c ./Core/Src/AT24C32_ConfigStorage.o
                0x0800125e                AT24C32_ConfigStorage::ReadBytes(unsigned short, unsigned char*, unsigned short)
 .text._ZN21AT24C32_ConfigStorage10WriteBytesEtPKht
                0x080012ba       0xbc ./Core/Src/AT24C32_ConfigStorage.o
                0x080012ba                AT24C32_ConfigStorage::WriteBytes(unsigned short, unsigned char const*, unsigned short)
 .text._ZN21AT24C32_ConfigStorage17IsStoredDataValidEv
                0x08001376       0x72 ./Core/Src/AT24C32_ConfigStorage.o
                0x08001376                AT24C32_ConfigStorage::IsStoredDataValid()
 .text._ZN21AT24C32_ConfigStorage4SaveEPK12DeviceConfigPK10AquaConfig
                0x080013e8       0x70 ./Core/Src/AT24C32_ConfigStorage.o
                0x080013e8                AT24C32_ConfigStorage::Save(DeviceConfig const*, AquaConfig const*)
 .text._ZN21AT24C32_ConfigStorage4LoadEP12DeviceConfigP10AquaConfig
                0x08001458       0x9e ./Core/Src/AT24C32_ConfigStorage.o
                0x08001458                AT24C32_ConfigStorage::Load(DeviceConfig*, AquaConfig*)
 *fill*         0x080014f6        0x2 
 .text._ZN21AT24C32_ConfigStorageD2Ev
                0x080014f8       0x24 ./Core/Src/AT24C32_ConfigStorage.o
                0x080014f8                AT24C32_ConfigStorage::~AT24C32_ConfigStorage()
                0x080014f8                AT24C32_ConfigStorage::~AT24C32_ConfigStorage()
 .text._ZN21AT24C32_ConfigStorageD0Ev
                0x0800151c       0x20 ./Core/Src/AT24C32_ConfigStorage.o
                0x0800151c                AT24C32_ConfigStorage::~AT24C32_ConfigStorage()
 .text._ZN8alarmRTC16SetConfigurationEP10AquaConfig
                0x0800153c       0x1c ./Core/Src/AlarmRTC.o
                0x0800153c                alarmRTC::SetConfiguration(AquaConfig*)
 .text._ZN8alarmRTC12ActionAlarmsEv
                0x08001558      0x178 ./Core/Src/AlarmRTC.o
                0x08001558                alarmRTC::ActionAlarms()
 .text._Z11compareTimeP15RTC_TimeTypeDefP10TimeConfig
                0x080016d0       0x34 ./Core/Src/AlarmRTC.o
                0x080016d0                compareTime(RTC_TimeTypeDef*, TimeConfig*)
 .text._ZN9IAlarmRTCD2Ev
                0x08001704       0x20 ./Core/Src/AlarmRTC.o
                0x08001704                IAlarmRTC::~IAlarmRTC()
                0x08001704                IAlarmRTC::~IAlarmRTC()
 .text._ZN9IAlarmRTCD0Ev
                0x08001724       0x20 ./Core/Src/AlarmRTC.o
                0x08001724                IAlarmRTC::~IAlarmRTC()
 .text._ZN8alarmRTCD2Ev
                0x08001744       0x24 ./Core/Src/AlarmRTC.o
                0x08001744                alarmRTC::~alarmRTC()
                0x08001744                alarmRTC::~alarmRTC()
 .text._ZN8alarmRTCD0Ev
                0x08001768       0x20 ./Core/Src/AlarmRTC.o
                0x08001768                alarmRTC::~alarmRTC()
 .text._ZnwjPv  0x08001788       0x18 ./Core/Src/BuildMenu.o
                0x08001788                operator new(unsigned int, void*)
 .text._ZNSt9_Any_data9_M_accessEv
                0x080017a0       0x16 ./Core/Src/BuildMenu.o
                0x080017a0                std::_Any_data::_M_access()
 .text._ZNKSt9_Any_data9_M_accessEv
                0x080017b6       0x16 ./Core/Src/BuildMenu.o
                0x080017b6                std::_Any_data::_M_access() const
 .text._ZNSt14_Function_baseD2Ev
                0x080017cc       0x26 ./Core/Src/BuildMenu.o
                0x080017cc                std::_Function_base::~_Function_base()
                0x080017cc                std::_Function_base::~_Function_base()
 .text._ZNSt8functionIFvvEED2Ev
                0x080017f2       0x1a ./Core/Src/BuildMenu.o
                0x080017f2                std::function<void ()>::~function()
                0x080017f2                std::function<void ()>::~function()
 .text._ZNSt12_Vector_baseIP8MenuItemSaIS1_EE12_Vector_implD2Ev
                0x0800180c       0x1c ./Core/Src/BuildMenu.o
                0x0800180c                std::_Vector_base<MenuItem*, std::allocator<MenuItem*> >::_Vector_impl::~_Vector_impl()
                0x0800180c                std::_Vector_base<MenuItem*, std::allocator<MenuItem*> >::_Vector_impl::~_Vector_impl()
 .text._ZNSt12_Vector_baseIP8MenuItemSaIS1_EEC2Ev
                0x08001828       0x1a ./Core/Src/BuildMenu.o
                0x08001828                std::_Vector_base<MenuItem*, std::allocator<MenuItem*> >::_Vector_base()
                0x08001828                std::_Vector_base<MenuItem*, std::allocator<MenuItem*> >::_Vector_base()
 .text._ZNSt6vectorIP8MenuItemSaIS1_EEC2Ev
                0x08001842       0x1a ./Core/Src/BuildMenu.o
                0x08001842                std::vector<MenuItem*, std::allocator<MenuItem*> >::vector()
                0x08001842                std::vector<MenuItem*, std::allocator<MenuItem*> >::vector()
 .text._ZNKL18miLightManualOnOffMUlvE_clEv
                0x0800185c       0x58 ./Core/Src/BuildMenu.o
 .text._ZNKL16miLightAutoOnOffMUlvE_clEv
                0x080018b4       0x1c ./Core/Src/BuildMenu.o
 .text._ZNKL22miWaterTempManualOnOffMUlvE_clEv
                0x080018d0       0x58 ./Core/Src/BuildMenu.o
 .text._ZNKL20miWaterTempAutoOnOffMUlvE_clEv
                0x08001928       0x1c ./Core/Src/BuildMenu.o
 .text._ZNKL21miWaterLevelAutoOnOffMUlvE_clEv
                0x08001944       0x1c ./Core/Src/BuildMenu.o
 .text._ZNKL17miWaterLevelResetMUlvE_clEv
                0x08001960       0x20 ./Core/Src/BuildMenu.o
 .text._ZNKL19miEnvTimeSetHoursOnMUlvE_clEv
                0x08001980       0x1c ./Core/Src/BuildMenu.o
 .text._ZNKL21miEnvTimeSetMinutesOnMUlvE_clEv
                0x0800199c       0x1c ./Core/Src/BuildMenu.o
 .text._ZNKL20miEnvTimeSetHoursOffMUlvE_clEv
                0x080019b8       0x1c ./Core/Src/BuildMenu.o
 .text._ZNKL22miEnvTimeSetMinutesOffMUlvE_clEv
                0x080019d4       0x1c ./Core/Src/BuildMenu.o
 .text._Z23SavedSuccessfulyMessagev
                0x080019f0       0x3c ./Core/Src/BuildMenu.o
                0x080019f0                SavedSuccessfulyMessage()
 .text._Z18InterruptedMessagev
                0x08001a2c       0x3c ./Core/Src/BuildMenu.o
                0x08001a2c                InterruptedMessage()
 .text._Z16SaveErrorMessagev
                0x08001a68       0x3c ./Core/Src/BuildMenu.o
                0x08001a68                SaveErrorMessage()
 .text._Z19BackToRootAndRenderv
                0x08001aa4       0x20 ./Core/Src/BuildMenu.o
                0x08001aa4                BackToRootAndRender()
 .text._Z11UserTimeoutt
                0x08001ac4       0x38 ./Core/Src/BuildMenu.o
                0x08001ac4                UserTimeout(unsigned short)
 .text._Z9BuildMenuv
                0x08001afc      0x18c ./Core/Src/BuildMenu.o
                0x08001afc                BuildMenu()
 .text._Z8MenuRootv
                0x08001c88       0x14 ./Core/Src/BuildMenu.o
                0x08001c88                MenuRoot()
 .text._Z24Action_PresentSystemTimev
                0x08001c9c      0x14c ./Core/Src/BuildMenu.o
                0x08001c9c                Action_PresentSystemTime()
 .text._Z15Action_SetHoursv
                0x08001de8      0x1d8 ./Core/Src/BuildMenu.o
                0x08001de8                Action_SetHours()
 .text._Z17Action_SetMinutesv
                0x08001fc0      0x1e0 ./Core/Src/BuildMenu.o
                0x08001fc0                Action_SetMinutes()
 .text._Z21Action_SetSoundsOnOffv
                0x080021a0      0x1a0 ./Core/Src/BuildMenu.o
                0x080021a0                Action_SetSoundsOnOff()
 .text._Z23Action_DisplayBackLightv
                0x08002340      0x158 ./Core/Src/BuildMenu.o
                0x08002340                Action_DisplayBackLight()
 .text._Z20Action_ReadWaterTempv
                0x08002498      0x130 ./Core/Src/BuildMenu.o
                0x08002498                Action_ReadWaterTemp()
 .text._Z29Action_TemperatureCalibrationv
                0x080025c8      0x1dc ./Core/Src/BuildMenu.o
                0x080025c8                Action_TemperatureCalibration()
 .text._Z28Action_SetWaterMinimalTempONv
                0x080027a4      0x158 ./Core/Src/BuildMenu.o
                0x080027a4                Action_SetWaterMinimalTempON()
 .text._Z25Action_SetWaterMaxTempOFFv
                0x080028fc      0x15c ./Core/Src/BuildMenu.o
                0x080028fc                Action_SetWaterMaxTempOFF()
 .text._Z15Action_SetOnOffPhb
                0x08002a58      0x1d8 ./Core/Src/BuildMenu.o
                0x08002a58                Action_SetOnOff(unsigned char*, bool)
 .text._Z18Action_SetEnvHoursPh
                0x08002c30      0x1a8 ./Core/Src/BuildMenu.o
                0x08002c30                Action_SetEnvHours(unsigned char*)
 .text._Z20Action_SetEnvMinutesPh
                0x08002dd8      0x1a8 ./Core/Src/BuildMenu.o
                0x08002dd8                Action_SetEnvMinutes(unsigned char*)
 .text._Z18ReadActualWaterLVLv
                0x08002f80      0x13c ./Core/Src/BuildMenu.o
                0x08002f80                ReadActualWaterLVL()
 .text._Z11SetFakeDateP15RTC_DateTypeDef
                0x080030bc       0x2c ./Core/Src/BuildMenu.o
                0x080030bc                SetFakeDate(RTC_DateTypeDef*)
 .text._ZNSt14_Function_baseC2Ev
                0x080030e8       0x26 ./Core/Src/BuildMenu.o
                0x080030e8                std::_Function_base::_Function_base()
                0x080030e8                std::_Function_base::_Function_base()
 .text._ZNSt8functionIFvvEEC2EDn
                0x0800310e       0x2e ./Core/Src/BuildMenu.o
                0x0800310e                std::function<void ()>::function(decltype(nullptr))
                0x0800310e                std::function<void ()>::function(decltype(nullptr))
 .text._ZNSt12_Vector_baseIP8MenuItemSaIS1_EE12_Vector_implC2Ev
                0x0800313c       0x22 ./Core/Src/BuildMenu.o
                0x0800313c                std::_Vector_base<MenuItem*, std::allocator<MenuItem*> >::_Vector_impl::_Vector_impl()
                0x0800313c                std::_Vector_base<MenuItem*, std::allocator<MenuItem*> >::_Vector_impl::_Vector_impl()
 .text._ZNSt12_Vector_baseIP8MenuItemSaIS1_EED2Ev
                0x0800315e       0x32 ./Core/Src/BuildMenu.o
                0x0800315e                std::_Vector_base<MenuItem*, std::allocator<MenuItem*> >::~_Vector_base()
                0x0800315e                std::_Vector_base<MenuItem*, std::allocator<MenuItem*> >::~_Vector_base()
 .text._ZNSt6vectorIP8MenuItemSaIS1_EED2Ev
                0x08003190       0x3c ./Core/Src/BuildMenu.o
                0x08003190                std::vector<MenuItem*, std::allocator<MenuItem*> >::~vector()
                0x08003190                std::vector<MenuItem*, std::allocator<MenuItem*> >::~vector()
 .text._ZNSt8functionIFvvEEC2IRS0_vEEOT_
                0x080031cc       0x60 ./Core/Src/BuildMenu.o
                0x080031cc                std::function<void ()>::function<void (&)(), void>(void (&)())
                0x080031cc                std::function<void ()>::function<void (&)(), void>(void (&)())
 .text._ZNSt8functionIFvvEEC2INL18miLightManualOnOffMUlvE_EvEEOT_
                0x0800322c       0x60 ./Core/Src/BuildMenu.o
 .text._ZNSt8functionIFvvEEC2INL16miLightAutoOnOffMUlvE_EvEEOT_
                0x0800328c       0x60 ./Core/Src/BuildMenu.o
 .text._ZNSt8functionIFvvEEC2INL22miWaterTempManualOnOffMUlvE_EvEEOT_
                0x080032ec       0x60 ./Core/Src/BuildMenu.o
 .text._ZNSt8functionIFvvEEC2INL20miWaterTempAutoOnOffMUlvE_EvEEOT_
                0x0800334c       0x60 ./Core/Src/BuildMenu.o
 .text._ZNSt8functionIFvvEEC2INL21miWaterLevelAutoOnOffMUlvE_EvEEOT_
                0x080033ac       0x60 ./Core/Src/BuildMenu.o
 .text._ZNSt8functionIFvvEEC2INL17miWaterLevelResetMUlvE_EvEEOT_
                0x0800340c       0x60 ./Core/Src/BuildMenu.o
 .text._ZNSt8functionIFvvEEC2INL19miEnvTimeSetHoursOnMUlvE_EvEEOT_
                0x0800346c       0x60 ./Core/Src/BuildMenu.o
 .text._ZNSt8functionIFvvEEC2INL21miEnvTimeSetMinutesOnMUlvE_EvEEOT_
                0x080034cc       0x60 ./Core/Src/BuildMenu.o
 .text._ZNSt8functionIFvvEEC2INL20miEnvTimeSetHoursOffMUlvE_EvEEOT_
                0x0800352c       0x60 ./Core/Src/BuildMenu.o
 .text._ZNSt8functionIFvvEEC2INL22miEnvTimeSetMinutesOffMUlvE_EvEEOT_
                0x0800358c       0x60 ./Core/Src/BuildMenu.o
 .text._ZNSt15__new_allocatorIcED2Ev
                0x080035ec       0x16 ./Core/Src/BuildMenu.o
                0x080035ec                std::__new_allocator<char>::~__new_allocator()
                0x080035ec                std::__new_allocator<char>::~__new_allocator()
 .text._ZNSt12_Vector_baseIP8MenuItemSaIS1_EE17_Vector_impl_dataC2Ev
                0x08003602       0x28 ./Core/Src/BuildMenu.o
                0x08003602                std::_Vector_base<MenuItem*, std::allocator<MenuItem*> >::_Vector_impl_data::_Vector_impl_data()
                0x08003602                std::_Vector_base<MenuItem*, std::allocator<MenuItem*> >::_Vector_impl_data::_Vector_impl_data()
 .text._ZNSt15__new_allocatorIP8MenuItemED2Ev
                0x0800362a       0x16 ./Core/Src/BuildMenu.o
                0x0800362a                std::__new_allocator<MenuItem*>::~__new_allocator()
                0x0800362a                std::__new_allocator<MenuItem*>::~__new_allocator()
 .text._ZNSt12_Vector_baseIP8MenuItemSaIS1_EE13_M_deallocateEPS1_j
                0x08003640       0x32 ./Core/Src/BuildMenu.o
                0x08003640                std::_Vector_base<MenuItem*, std::allocator<MenuItem*> >::_M_deallocate(MenuItem**, unsigned int)
 .text._ZNSt12_Vector_baseIP8MenuItemSaIS1_EE19_M_get_Tp_allocatorEv
                0x08003672       0x16 ./Core/Src/BuildMenu.o
                0x08003672                std::_Vector_base<MenuItem*, std::allocator<MenuItem*> >::_M_get_Tp_allocator()
 .text._ZNSt14_Function_base13_Base_managerIPFvvEE21_M_not_empty_functionIS1_EEbPT_
                0x08003688       0x20 ./Core/Src/BuildMenu.o
                0x08003688                bool std::_Function_base::_Base_manager<void (*)()>::_M_not_empty_function<void ()>(void (*)())
 .text._ZSt7forwardIRFvvEEOT_RNSt16remove_referenceIS2_E4typeE
                0x080036a8       0x16 ./Core/Src/BuildMenu.o
                0x080036a8                void (&std::forward<void (&)()>(std::remove_reference<void (&)()>::type&))()
 .text._ZNSt14_Function_base13_Base_managerIPFvvEE15_M_init_functorIRS1_EEvRSt9_Any_dataOT_
                0x080036be       0x24 ./Core/Src/BuildMenu.o
                0x080036be                void std::_Function_base::_Base_manager<void (*)()>::_M_init_functor<void (&)()>(std::_Any_data&, void (&)())
 .text._ZNSt17_Function_handlerIFvvEPS0_E9_M_invokeERKSt9_Any_data
                0x080036e2       0x1e ./Core/Src/BuildMenu.o
                0x080036e2                std::_Function_handler<void (), void (*)()>::_M_invoke(std::_Any_data const&)
 .text._ZNSt17_Function_handlerIFvvEPS0_E10_M_managerERSt9_Any_dataRKS3_St18_Manager_operation
                0x08003700       0x3e ./Core/Src/BuildMenu.o
                0x08003700                std::_Function_handler<void (), void (*)()>::_M_manager(std::_Any_data&, std::_Any_data const&, std::_Manager_operation)
 .text._ZNSt14_Function_base13_Base_managerINL18miLightManualOnOffMUlvE_EE21_M_not_empty_functionIS2_EEbRKT_
                0x0800373e       0x16 ./Core/Src/BuildMenu.o
 .text._ZSt7forwardINL18miLightManualOnOffMUlvE_EEOT_RNSt16remove_referenceIS2_E4typeE
                0x08003754       0x16 ./Core/Src/BuildMenu.o
 .text._ZNSt14_Function_base13_Base_managerINL18miLightManualOnOffMUlvE_EE15_M_init_functorIS2_EEvRSt9_Any_dataOT_
                0x0800376a       0x24 ./Core/Src/BuildMenu.o
 .text._ZNSt17_Function_handlerIFvvENL18miLightManualOnOffMUlvE_EE9_M_invokeERKSt9_Any_data
                0x0800378e       0x1e ./Core/Src/BuildMenu.o
 .text._ZNSt17_Function_handlerIFvvENL18miLightManualOnOffMUlvE_EE10_M_managerERSt9_Any_dataRKS4_St18_Manager_operation
                0x080037ac       0x3e ./Core/Src/BuildMenu.o
 .text._ZNSt14_Function_base13_Base_managerINL16miLightAutoOnOffMUlvE_EE21_M_not_empty_functionIS2_EEbRKT_
                0x080037ea       0x16 ./Core/Src/BuildMenu.o
 .text._ZSt7forwardINL16miLightAutoOnOffMUlvE_EEOT_RNSt16remove_referenceIS2_E4typeE
                0x08003800       0x16 ./Core/Src/BuildMenu.o
 .text._ZNSt14_Function_base13_Base_managerINL16miLightAutoOnOffMUlvE_EE15_M_init_functorIS2_EEvRSt9_Any_dataOT_
                0x08003816       0x24 ./Core/Src/BuildMenu.o
 .text._ZNSt17_Function_handlerIFvvENL16miLightAutoOnOffMUlvE_EE9_M_invokeERKSt9_Any_data
                0x0800383a       0x1e ./Core/Src/BuildMenu.o
 .text._ZNSt17_Function_handlerIFvvENL16miLightAutoOnOffMUlvE_EE10_M_managerERSt9_Any_dataRKS4_St18_Manager_operation
                0x08003858       0x3e ./Core/Src/BuildMenu.o
 .text._ZNSt14_Function_base13_Base_managerINL22miWaterTempManualOnOffMUlvE_EE21_M_not_empty_functionIS2_EEbRKT_
                0x08003896       0x16 ./Core/Src/BuildMenu.o
 .text._ZSt7forwardINL22miWaterTempManualOnOffMUlvE_EEOT_RNSt16remove_referenceIS2_E4typeE
                0x080038ac       0x16 ./Core/Src/BuildMenu.o
 .text._ZNSt14_Function_base13_Base_managerINL22miWaterTempManualOnOffMUlvE_EE15_M_init_functorIS2_EEvRSt9_Any_dataOT_
                0x080038c2       0x24 ./Core/Src/BuildMenu.o
 .text._ZNSt17_Function_handlerIFvvENL22miWaterTempManualOnOffMUlvE_EE9_M_invokeERKSt9_Any_data
                0x080038e6       0x1e ./Core/Src/BuildMenu.o
 .text._ZNSt17_Function_handlerIFvvENL22miWaterTempManualOnOffMUlvE_EE10_M_managerERSt9_Any_dataRKS4_St18_Manager_operation
                0x08003904       0x3e ./Core/Src/BuildMenu.o
 .text._ZNSt14_Function_base13_Base_managerINL20miWaterTempAutoOnOffMUlvE_EE21_M_not_empty_functionIS2_EEbRKT_
                0x08003942       0x16 ./Core/Src/BuildMenu.o
 .text._ZSt7forwardINL20miWaterTempAutoOnOffMUlvE_EEOT_RNSt16remove_referenceIS2_E4typeE
                0x08003958       0x16 ./Core/Src/BuildMenu.o
 .text._ZNSt14_Function_base13_Base_managerINL20miWaterTempAutoOnOffMUlvE_EE15_M_init_functorIS2_EEvRSt9_Any_dataOT_
                0x0800396e       0x24 ./Core/Src/BuildMenu.o
 .text._ZNSt17_Function_handlerIFvvENL20miWaterTempAutoOnOffMUlvE_EE9_M_invokeERKSt9_Any_data
                0x08003992       0x1e ./Core/Src/BuildMenu.o
 .text._ZNSt17_Function_handlerIFvvENL20miWaterTempAutoOnOffMUlvE_EE10_M_managerERSt9_Any_dataRKS4_St18_Manager_operation
                0x080039b0       0x3e ./Core/Src/BuildMenu.o
 .text._ZNSt14_Function_base13_Base_managerINL21miWaterLevelAutoOnOffMUlvE_EE21_M_not_empty_functionIS2_EEbRKT_
                0x080039ee       0x16 ./Core/Src/BuildMenu.o
 .text._ZSt7forwardINL21miWaterLevelAutoOnOffMUlvE_EEOT_RNSt16remove_referenceIS2_E4typeE
                0x08003a04       0x16 ./Core/Src/BuildMenu.o
 .text._ZNSt14_Function_base13_Base_managerINL21miWaterLevelAutoOnOffMUlvE_EE15_M_init_functorIS2_EEvRSt9_Any_dataOT_
                0x08003a1a       0x24 ./Core/Src/BuildMenu.o
 .text._ZNSt17_Function_handlerIFvvENL21miWaterLevelAutoOnOffMUlvE_EE9_M_invokeERKSt9_Any_data
                0x08003a3e       0x1e ./Core/Src/BuildMenu.o
 .text._ZNSt17_Function_handlerIFvvENL21miWaterLevelAutoOnOffMUlvE_EE10_M_managerERSt9_Any_dataRKS4_St18_Manager_operation
                0x08003a5c       0x3e ./Core/Src/BuildMenu.o
 .text._ZNSt14_Function_base13_Base_managerINL17miWaterLevelResetMUlvE_EE21_M_not_empty_functionIS2_EEbRKT_
                0x08003a9a       0x16 ./Core/Src/BuildMenu.o
 .text._ZSt7forwardINL17miWaterLevelResetMUlvE_EEOT_RNSt16remove_referenceIS2_E4typeE
                0x08003ab0       0x16 ./Core/Src/BuildMenu.o
 .text._ZNSt14_Function_base13_Base_managerINL17miWaterLevelResetMUlvE_EE15_M_init_functorIS2_EEvRSt9_Any_dataOT_
                0x08003ac6       0x24 ./Core/Src/BuildMenu.o
 .text._ZNSt17_Function_handlerIFvvENL17miWaterLevelResetMUlvE_EE9_M_invokeERKSt9_Any_data
                0x08003aea       0x1e ./Core/Src/BuildMenu.o
 .text._ZNSt17_Function_handlerIFvvENL17miWaterLevelResetMUlvE_EE10_M_managerERSt9_Any_dataRKS4_St18_Manager_operation
                0x08003b08       0x3e ./Core/Src/BuildMenu.o
 .text._ZNSt14_Function_base13_Base_managerINL19miEnvTimeSetHoursOnMUlvE_EE21_M_not_empty_functionIS2_EEbRKT_
                0x08003b46       0x16 ./Core/Src/BuildMenu.o
 .text._ZSt7forwardINL19miEnvTimeSetHoursOnMUlvE_EEOT_RNSt16remove_referenceIS2_E4typeE
                0x08003b5c       0x16 ./Core/Src/BuildMenu.o
 .text._ZNSt14_Function_base13_Base_managerINL19miEnvTimeSetHoursOnMUlvE_EE15_M_init_functorIS2_EEvRSt9_Any_dataOT_
                0x08003b72       0x24 ./Core/Src/BuildMenu.o
 .text._ZNSt17_Function_handlerIFvvENL19miEnvTimeSetHoursOnMUlvE_EE9_M_invokeERKSt9_Any_data
                0x08003b96       0x1e ./Core/Src/BuildMenu.o
 .text._ZNSt17_Function_handlerIFvvENL19miEnvTimeSetHoursOnMUlvE_EE10_M_managerERSt9_Any_dataRKS4_St18_Manager_operation
                0x08003bb4       0x3e ./Core/Src/BuildMenu.o
 .text._ZNSt14_Function_base13_Base_managerINL21miEnvTimeSetMinutesOnMUlvE_EE21_M_not_empty_functionIS2_EEbRKT_
                0x08003bf2       0x16 ./Core/Src/BuildMenu.o
 .text._ZSt7forwardINL21miEnvTimeSetMinutesOnMUlvE_EEOT_RNSt16remove_referenceIS2_E4typeE
                0x08003c08       0x16 ./Core/Src/BuildMenu.o
 .text._ZNSt14_Function_base13_Base_managerINL21miEnvTimeSetMinutesOnMUlvE_EE15_M_init_functorIS2_EEvRSt9_Any_dataOT_
                0x08003c1e       0x24 ./Core/Src/BuildMenu.o
 .text._ZNSt17_Function_handlerIFvvENL21miEnvTimeSetMinutesOnMUlvE_EE9_M_invokeERKSt9_Any_data
                0x08003c42       0x1e ./Core/Src/BuildMenu.o
 .text._ZNSt17_Function_handlerIFvvENL21miEnvTimeSetMinutesOnMUlvE_EE10_M_managerERSt9_Any_dataRKS4_St18_Manager_operation
                0x08003c60       0x3e ./Core/Src/BuildMenu.o
 .text._ZNSt14_Function_base13_Base_managerINL20miEnvTimeSetHoursOffMUlvE_EE21_M_not_empty_functionIS2_EEbRKT_
                0x08003c9e       0x16 ./Core/Src/BuildMenu.o
 .text._ZSt7forwardINL20miEnvTimeSetHoursOffMUlvE_EEOT_RNSt16remove_referenceIS2_E4typeE
                0x08003cb4       0x16 ./Core/Src/BuildMenu.o
 .text._ZNSt14_Function_base13_Base_managerINL20miEnvTimeSetHoursOffMUlvE_EE15_M_init_functorIS2_EEvRSt9_Any_dataOT_
                0x08003cca       0x24 ./Core/Src/BuildMenu.o
 .text._ZNSt17_Function_handlerIFvvENL20miEnvTimeSetHoursOffMUlvE_EE9_M_invokeERKSt9_Any_data
                0x08003cee       0x1e ./Core/Src/BuildMenu.o
 .text._ZNSt17_Function_handlerIFvvENL20miEnvTimeSetHoursOffMUlvE_EE10_M_managerERSt9_Any_dataRKS4_St18_Manager_operation
                0x08003d0c       0x3e ./Core/Src/BuildMenu.o
 .text._ZNSt14_Function_base13_Base_managerINL22miEnvTimeSetMinutesOffMUlvE_EE21_M_not_empty_functionIS2_EEbRKT_
                0x08003d4a       0x16 ./Core/Src/BuildMenu.o
 .text._ZSt7forwardINL22miEnvTimeSetMinutesOffMUlvE_EEOT_RNSt16remove_referenceIS2_E4typeE
                0x08003d60       0x16 ./Core/Src/BuildMenu.o
 .text._ZNSt14_Function_base13_Base_managerINL22miEnvTimeSetMinutesOffMUlvE_EE15_M_init_functorIS2_EEvRSt9_Any_dataOT_
                0x08003d76       0x24 ./Core/Src/BuildMenu.o
 .text._ZNSt17_Function_handlerIFvvENL22miEnvTimeSetMinutesOffMUlvE_EE9_M_invokeERKSt9_Any_data
                0x08003d9a       0x1e ./Core/Src/BuildMenu.o
 .text._ZNSt17_Function_handlerIFvvENL22miEnvTimeSetMinutesOffMUlvE_EE10_M_managerERSt9_Any_dataRKS4_St18_Manager_operation
                0x08003db8       0x3e ./Core/Src/BuildMenu.o
 .text._ZSt8_DestroyIPP8MenuItemEvT_S3_
                0x08003df6       0x1a ./Core/Src/BuildMenu.o
                0x08003df6                void std::_Destroy<MenuItem**>(MenuItem**, MenuItem**)
 .text._ZNSt14_Function_base13_Base_managerIPFvvEE9_M_createIRS1_EEvRSt9_Any_dataOT_St17integral_constantIbLb1EE
                0x08003e10       0x30 ./Core/Src/BuildMenu.o
                0x08003e10                void std::_Function_base::_Base_manager<void (*)()>::_M_create<void (&)()>(std::_Any_data&, void (&)(), std::integral_constant<bool, true>)
 .text._ZNSt14_Function_base13_Base_managerIPFvvEE14_M_get_pointerERKSt9_Any_data
                0x08003e40       0x22 ./Core/Src/BuildMenu.o
                0x08003e40                std::_Function_base::_Base_manager<void (*)()>::_M_get_pointer(std::_Any_data const&)
 .text._ZSt10__invoke_rIvRPFvvEJEENSt9enable_ifIXsrSt7is_voidIT_E5valueES5_E4typeEOT0_DpOT1_
                0x08003e62       0x20 ./Core/Src/BuildMenu.o
                0x08003e62                std::enable_if<std::is_void<void>::value, void>::type std::__invoke_r<void, void (*&)()>(void (*&)())
 .text._ZNSt9_Any_data9_M_accessIPPFvvEEERT_v
                0x08003e82       0x18 ./Core/Src/BuildMenu.o
                0x08003e82                void (**&std::_Any_data::_M_access<void (**)()>())()
 *fill*         0x08003e9a        0x2 
 .text._ZNSt14_Function_base13_Base_managerIPFvvEE10_M_managerERSt9_Any_dataRKS4_St18_Manager_operation
                0x08003e9c       0x74 ./Core/Src/BuildMenu.o
                0x08003e9c                std::_Function_base::_Base_manager<void (*)()>::_M_manager(std::_Any_data&, std::_Any_data const&, std::_Manager_operation)
 .text._ZNSt14_Function_base13_Base_managerINL18miLightManualOnOffMUlvE_EE9_M_createIS2_EEvRSt9_Any_dataOT_St17integral_constantIbLb1EE
                0x08003f10       0x2a ./Core/Src/BuildMenu.o
 .text._ZNSt14_Function_base13_Base_managerINL18miLightManualOnOffMUlvE_EE14_M_get_pointerERKSt9_Any_data
                0x08003f3a       0x22 ./Core/Src/BuildMenu.o
 .text._ZSt10__invoke_rIvRNL18miLightManualOnOffMUlvE_EJEENSt9enable_ifIXsrSt7is_voidIT_E5valueES5_E4typeEOT0_DpOT1_
                0x08003f5c       0x20 ./Core/Src/BuildMenu.o
 .text._ZNSt9_Any_data9_M_accessIPNL18miLightManualOnOffMUlvE_EEERT_v
                0x08003f7c       0x18 ./Core/Src/BuildMenu.o
 .text._ZNSt14_Function_base13_Base_managerINL18miLightManualOnOffMUlvE_EE10_M_managerERSt9_Any_dataRKS4_St18_Manager_operation
                0x08003f94       0x74 ./Core/Src/BuildMenu.o
 .text._ZNSt14_Function_base13_Base_managerINL16miLightAutoOnOffMUlvE_EE9_M_createIS2_EEvRSt9_Any_dataOT_St17integral_constantIbLb1EE
                0x08004008       0x2a ./Core/Src/BuildMenu.o
 .text._ZNSt14_Function_base13_Base_managerINL16miLightAutoOnOffMUlvE_EE14_M_get_pointerERKSt9_Any_data
                0x08004032       0x22 ./Core/Src/BuildMenu.o
 .text._ZSt10__invoke_rIvRNL16miLightAutoOnOffMUlvE_EJEENSt9enable_ifIXsrSt7is_voidIT_E5valueES5_E4typeEOT0_DpOT1_
                0x08004054       0x20 ./Core/Src/BuildMenu.o
 .text._ZNSt9_Any_data9_M_accessIPNL16miLightAutoOnOffMUlvE_EEERT_v
                0x08004074       0x18 ./Core/Src/BuildMenu.o
 .text._ZNSt14_Function_base13_Base_managerINL16miLightAutoOnOffMUlvE_EE10_M_managerERSt9_Any_dataRKS4_St18_Manager_operation
                0x0800408c       0x74 ./Core/Src/BuildMenu.o
 .text._ZNSt14_Function_base13_Base_managerINL22miWaterTempManualOnOffMUlvE_EE9_M_createIS2_EEvRSt9_Any_dataOT_St17integral_constantIbLb1EE
                0x08004100       0x2a ./Core/Src/BuildMenu.o
 .text._ZNSt14_Function_base13_Base_managerINL22miWaterTempManualOnOffMUlvE_EE14_M_get_pointerERKSt9_Any_data
                0x0800412a       0x22 ./Core/Src/BuildMenu.o
 .text._ZSt10__invoke_rIvRNL22miWaterTempManualOnOffMUlvE_EJEENSt9enable_ifIXsrSt7is_voidIT_E5valueES5_E4typeEOT0_DpOT1_
                0x0800414c       0x20 ./Core/Src/BuildMenu.o
 .text._ZNSt9_Any_data9_M_accessIPNL22miWaterTempManualOnOffMUlvE_EEERT_v
                0x0800416c       0x18 ./Core/Src/BuildMenu.o
 .text._ZNSt14_Function_base13_Base_managerINL22miWaterTempManualOnOffMUlvE_EE10_M_managerERSt9_Any_dataRKS4_St18_Manager_operation
                0x08004184       0x74 ./Core/Src/BuildMenu.o
 .text._ZNSt14_Function_base13_Base_managerINL20miWaterTempAutoOnOffMUlvE_EE9_M_createIS2_EEvRSt9_Any_dataOT_St17integral_constantIbLb1EE
                0x080041f8       0x2a ./Core/Src/BuildMenu.o
 .text._ZNSt14_Function_base13_Base_managerINL20miWaterTempAutoOnOffMUlvE_EE14_M_get_pointerERKSt9_Any_data
                0x08004222       0x22 ./Core/Src/BuildMenu.o
 .text._ZSt10__invoke_rIvRNL20miWaterTempAutoOnOffMUlvE_EJEENSt9enable_ifIXsrSt7is_voidIT_E5valueES5_E4typeEOT0_DpOT1_
                0x08004244       0x20 ./Core/Src/BuildMenu.o
 .text._ZNSt9_Any_data9_M_accessIPNL20miWaterTempAutoOnOffMUlvE_EEERT_v
                0x08004264       0x18 ./Core/Src/BuildMenu.o
 .text._ZNSt14_Function_base13_Base_managerINL20miWaterTempAutoOnOffMUlvE_EE10_M_managerERSt9_Any_dataRKS4_St18_Manager_operation
                0x0800427c       0x74 ./Core/Src/BuildMenu.o
 .text._ZNSt14_Function_base13_Base_managerINL21miWaterLevelAutoOnOffMUlvE_EE9_M_createIS2_EEvRSt9_Any_dataOT_St17integral_constantIbLb1EE
                0x080042f0       0x2a ./Core/Src/BuildMenu.o
 .text._ZNSt14_Function_base13_Base_managerINL21miWaterLevelAutoOnOffMUlvE_EE14_M_get_pointerERKSt9_Any_data
                0x0800431a       0x22 ./Core/Src/BuildMenu.o
 .text._ZSt10__invoke_rIvRNL21miWaterLevelAutoOnOffMUlvE_EJEENSt9enable_ifIXsrSt7is_voidIT_E5valueES5_E4typeEOT0_DpOT1_
                0x0800433c       0x20 ./Core/Src/BuildMenu.o
 .text._ZNSt9_Any_data9_M_accessIPNL21miWaterLevelAutoOnOffMUlvE_EEERT_v
                0x0800435c       0x18 ./Core/Src/BuildMenu.o
 .text._ZNSt14_Function_base13_Base_managerINL21miWaterLevelAutoOnOffMUlvE_EE10_M_managerERSt9_Any_dataRKS4_St18_Manager_operation
                0x08004374       0x74 ./Core/Src/BuildMenu.o
 .text._ZNSt14_Function_base13_Base_managerINL17miWaterLevelResetMUlvE_EE9_M_createIS2_EEvRSt9_Any_dataOT_St17integral_constantIbLb1EE
                0x080043e8       0x2a ./Core/Src/BuildMenu.o
 .text._ZNSt14_Function_base13_Base_managerINL17miWaterLevelResetMUlvE_EE14_M_get_pointerERKSt9_Any_data
                0x08004412       0x22 ./Core/Src/BuildMenu.o
 .text._ZSt10__invoke_rIvRNL17miWaterLevelResetMUlvE_EJEENSt9enable_ifIXsrSt7is_voidIT_E5valueES5_E4typeEOT0_DpOT1_
                0x08004434       0x20 ./Core/Src/BuildMenu.o
 .text._ZNSt9_Any_data9_M_accessIPNL17miWaterLevelResetMUlvE_EEERT_v
                0x08004454       0x18 ./Core/Src/BuildMenu.o
 .text._ZNSt14_Function_base13_Base_managerINL17miWaterLevelResetMUlvE_EE10_M_managerERSt9_Any_dataRKS4_St18_Manager_operation
                0x0800446c       0x74 ./Core/Src/BuildMenu.o
 .text._ZNSt14_Function_base13_Base_managerINL19miEnvTimeSetHoursOnMUlvE_EE9_M_createIS2_EEvRSt9_Any_dataOT_St17integral_constantIbLb1EE
                0x080044e0       0x2a ./Core/Src/BuildMenu.o
 .text._ZNSt14_Function_base13_Base_managerINL19miEnvTimeSetHoursOnMUlvE_EE14_M_get_pointerERKSt9_Any_data
                0x0800450a       0x22 ./Core/Src/BuildMenu.o
 .text._ZSt10__invoke_rIvRNL19miEnvTimeSetHoursOnMUlvE_EJEENSt9enable_ifIXsrSt7is_voidIT_E5valueES5_E4typeEOT0_DpOT1_
                0x0800452c       0x20 ./Core/Src/BuildMenu.o
 .text._ZNSt9_Any_data9_M_accessIPNL19miEnvTimeSetHoursOnMUlvE_EEERT_v
                0x0800454c       0x18 ./Core/Src/BuildMenu.o
 .text._ZNSt14_Function_base13_Base_managerINL19miEnvTimeSetHoursOnMUlvE_EE10_M_managerERSt9_Any_dataRKS4_St18_Manager_operation
                0x08004564       0x74 ./Core/Src/BuildMenu.o
 .text._ZNSt14_Function_base13_Base_managerINL21miEnvTimeSetMinutesOnMUlvE_EE9_M_createIS2_EEvRSt9_Any_dataOT_St17integral_constantIbLb1EE
                0x080045d8       0x2a ./Core/Src/BuildMenu.o
 .text._ZNSt14_Function_base13_Base_managerINL21miEnvTimeSetMinutesOnMUlvE_EE14_M_get_pointerERKSt9_Any_data
                0x08004602       0x22 ./Core/Src/BuildMenu.o
 .text._ZSt10__invoke_rIvRNL21miEnvTimeSetMinutesOnMUlvE_EJEENSt9enable_ifIXsrSt7is_voidIT_E5valueES5_E4typeEOT0_DpOT1_
                0x08004624       0x20 ./Core/Src/BuildMenu.o
 .text._ZNSt9_Any_data9_M_accessIPNL21miEnvTimeSetMinutesOnMUlvE_EEERT_v
                0x08004644       0x18 ./Core/Src/BuildMenu.o
 .text._ZNSt14_Function_base13_Base_managerINL21miEnvTimeSetMinutesOnMUlvE_EE10_M_managerERSt9_Any_dataRKS4_St18_Manager_operation
                0x0800465c       0x74 ./Core/Src/BuildMenu.o
 .text._ZNSt14_Function_base13_Base_managerINL20miEnvTimeSetHoursOffMUlvE_EE9_M_createIS2_EEvRSt9_Any_dataOT_St17integral_constantIbLb1EE
                0x080046d0       0x2a ./Core/Src/BuildMenu.o
 .text._ZNSt14_Function_base13_Base_managerINL20miEnvTimeSetHoursOffMUlvE_EE14_M_get_pointerERKSt9_Any_data
                0x080046fa       0x22 ./Core/Src/BuildMenu.o
 .text._ZSt10__invoke_rIvRNL20miEnvTimeSetHoursOffMUlvE_EJEENSt9enable_ifIXsrSt7is_voidIT_E5valueES5_E4typeEOT0_DpOT1_
                0x0800471c       0x20 ./Core/Src/BuildMenu.o
 .text._ZNSt9_Any_data9_M_accessIPNL20miEnvTimeSetHoursOffMUlvE_EEERT_v
                0x0800473c       0x18 ./Core/Src/BuildMenu.o
 .text._ZNSt14_Function_base13_Base_managerINL20miEnvTimeSetHoursOffMUlvE_EE10_M_managerERSt9_Any_dataRKS4_St18_Manager_operation
                0x08004754       0x74 ./Core/Src/BuildMenu.o
 .text._ZNSt14_Function_base13_Base_managerINL22miEnvTimeSetMinutesOffMUlvE_EE9_M_createIS2_EEvRSt9_Any_dataOT_St17integral_constantIbLb1EE
                0x080047c8       0x2a ./Core/Src/BuildMenu.o
 .text._ZNSt14_Function_base13_Base_managerINL22miEnvTimeSetMinutesOffMUlvE_EE14_M_get_pointerERKSt9_Any_data
                0x080047f2       0x22 ./Core/Src/BuildMenu.o
 .text._ZSt10__invoke_rIvRNL22miEnvTimeSetMinutesOffMUlvE_EJEENSt9enable_ifIXsrSt7is_voidIT_E5valueES5_E4typeEOT0_DpOT1_
                0x08004814       0x20 ./Core/Src/BuildMenu.o
 .text._ZNSt9_Any_data9_M_accessIPNL22miEnvTimeSetMinutesOffMUlvE_EEERT_v
                0x08004834       0x18 ./Core/Src/BuildMenu.o
 .text._ZNSt14_Function_base13_Base_managerINL22miEnvTimeSetMinutesOffMUlvE_EE10_M_managerERSt9_Any_dataRKS4_St18_Manager_operation
                0x0800484c       0x74 ./Core/Src/BuildMenu.o
 .text._ZNSt15__new_allocatorIP8MenuItemE10deallocateEPS1_j
                0x080048c0       0x20 ./Core/Src/BuildMenu.o
                0x080048c0                std::__new_allocator<MenuItem*>::deallocate(MenuItem**, unsigned int)
 .text._ZNSt12_Destroy_auxILb1EE9__destroyIPP8MenuItemEEvT_S5_
                0x080048e0       0x16 ./Core/Src/BuildMenu.o
                0x080048e0                void std::_Destroy_aux<true>::__destroy<MenuItem**>(MenuItem**, MenuItem**)
 .text._ZNKSt9_Any_data9_M_accessIPFvvEEERKT_v
                0x080048f6       0x18 ./Core/Src/BuildMenu.o
                0x080048f6                void (* const&std::_Any_data::_M_access<void (*)()>() const)()
 .text._ZSt11__addressofIKPFvvEEPT_RS3_
                0x0800490e       0x16 ./Core/Src/BuildMenu.o
                0x0800490e                void (* const*std::__addressof<void (* const)()>(void (* const&)()))()
 .text._ZSt7forwardIRPFvvEEOT_RNSt16remove_referenceIS3_E4typeE
                0x08004924       0x16 ./Core/Src/BuildMenu.o
                0x08004924                void (*&std::forward<void (*&)()>(std::remove_reference<void (*&)()>::type&))()
 .text._ZSt13__invoke_implIvRPFvvEJEET_St14__invoke_otherOT0_DpOT1_
                0x0800493a       0x1e ./Core/Src/BuildMenu.o
                0x0800493a                void std::__invoke_impl<void, void (*&)()>(std::__invoke_other, void (*&)())
 .text._ZNSt9_Any_data9_M_accessIPKSt9type_infoEERT_v
                0x08004958       0x18 ./Core/Src/BuildMenu.o
                0x08004958                std::type_info const*& std::_Any_data::_M_access<std::type_info const*>()
 .text._ZNSt14_Function_base13_Base_managerIPFvvEE15_M_init_functorIRKS2_EEvRSt9_Any_dataOT_
                0x08004970       0x24 ./Core/Src/BuildMenu.o
                0x08004970                void std::_Function_base::_Base_manager<void (*)()>::_M_init_functor<void (* const&)()>(std::_Any_data&, void (* const&)())
 .text._ZNSt14_Function_base13_Base_managerIPFvvEE10_M_destroyERSt9_Any_dataSt17integral_constantIbLb1EE
                0x08004994       0x18 ./Core/Src/BuildMenu.o
                0x08004994                std::_Function_base::_Base_manager<void (*)()>::_M_destroy(std::_Any_data&, std::integral_constant<bool, true>)
 .text._ZNKSt9_Any_data9_M_accessINL18miLightManualOnOffMUlvE_EEERKT_v
                0x080049ac       0x18 ./Core/Src/BuildMenu.o
 .text._ZSt11__addressofIKNL18miLightManualOnOffMUlvE_EEPT_RS3_
                0x080049c4       0x16 ./Core/Src/BuildMenu.o
 .text._ZSt7forwardIRNL18miLightManualOnOffMUlvE_EEOT_RNSt16remove_referenceIS3_E4typeE
                0x080049da       0x16 ./Core/Src/BuildMenu.o
 .text._ZSt13__invoke_implIvRNL18miLightManualOnOffMUlvE_EJEET_St14__invoke_otherOT0_DpOT1_
                0x080049f0       0x20 ./Core/Src/BuildMenu.o
 .text._ZNSt14_Function_base13_Base_managerINL18miLightManualOnOffMUlvE_EE15_M_init_functorIRKS2_EEvRSt9_Any_dataOT_
                0x08004a10       0x24 ./Core/Src/BuildMenu.o
 .text._ZNSt14_Function_base13_Base_managerINL18miLightManualOnOffMUlvE_EE10_M_destroyERSt9_Any_dataSt17integral_constantIbLb1EE
                0x08004a34       0x18 ./Core/Src/BuildMenu.o
 .text._ZNKSt9_Any_data9_M_accessINL16miLightAutoOnOffMUlvE_EEERKT_v
                0x08004a4c       0x18 ./Core/Src/BuildMenu.o
 .text._ZSt11__addressofIKNL16miLightAutoOnOffMUlvE_EEPT_RS3_
                0x08004a64       0x16 ./Core/Src/BuildMenu.o
 .text._ZSt7forwardIRNL16miLightAutoOnOffMUlvE_EEOT_RNSt16remove_referenceIS3_E4typeE
                0x08004a7a       0x16 ./Core/Src/BuildMenu.o
 .text._ZSt13__invoke_implIvRNL16miLightAutoOnOffMUlvE_EJEET_St14__invoke_otherOT0_DpOT1_
                0x08004a90       0x20 ./Core/Src/BuildMenu.o
 .text._ZNSt14_Function_base13_Base_managerINL16miLightAutoOnOffMUlvE_EE15_M_init_functorIRKS2_EEvRSt9_Any_dataOT_
                0x08004ab0       0x24 ./Core/Src/BuildMenu.o
 .text._ZNSt14_Function_base13_Base_managerINL16miLightAutoOnOffMUlvE_EE10_M_destroyERSt9_Any_dataSt17integral_constantIbLb1EE
                0x08004ad4       0x18 ./Core/Src/BuildMenu.o
 .text._ZNKSt9_Any_data9_M_accessINL22miWaterTempManualOnOffMUlvE_EEERKT_v
                0x08004aec       0x18 ./Core/Src/BuildMenu.o
 .text._ZSt11__addressofIKNL22miWaterTempManualOnOffMUlvE_EEPT_RS3_
                0x08004b04       0x16 ./Core/Src/BuildMenu.o
 .text._ZSt7forwardIRNL22miWaterTempManualOnOffMUlvE_EEOT_RNSt16remove_referenceIS3_E4typeE
                0x08004b1a       0x16 ./Core/Src/BuildMenu.o
 .text._ZSt13__invoke_implIvRNL22miWaterTempManualOnOffMUlvE_EJEET_St14__invoke_otherOT0_DpOT1_
                0x08004b30       0x20 ./Core/Src/BuildMenu.o
 .text._ZNSt14_Function_base13_Base_managerINL22miWaterTempManualOnOffMUlvE_EE15_M_init_functorIRKS2_EEvRSt9_Any_dataOT_
                0x08004b50       0x24 ./Core/Src/BuildMenu.o
 .text._ZNSt14_Function_base13_Base_managerINL22miWaterTempManualOnOffMUlvE_EE10_M_destroyERSt9_Any_dataSt17integral_constantIbLb1EE
                0x08004b74       0x18 ./Core/Src/BuildMenu.o
 .text._ZNKSt9_Any_data9_M_accessINL20miWaterTempAutoOnOffMUlvE_EEERKT_v
                0x08004b8c       0x18 ./Core/Src/BuildMenu.o
 .text._ZSt11__addressofIKNL20miWaterTempAutoOnOffMUlvE_EEPT_RS3_
                0x08004ba4       0x16 ./Core/Src/BuildMenu.o
 .text._ZSt7forwardIRNL20miWaterTempAutoOnOffMUlvE_EEOT_RNSt16remove_referenceIS3_E4typeE
                0x08004bba       0x16 ./Core/Src/BuildMenu.o
 .text._ZSt13__invoke_implIvRNL20miWaterTempAutoOnOffMUlvE_EJEET_St14__invoke_otherOT0_DpOT1_
                0x08004bd0       0x20 ./Core/Src/BuildMenu.o
 .text._ZNSt14_Function_base13_Base_managerINL20miWaterTempAutoOnOffMUlvE_EE15_M_init_functorIRKS2_EEvRSt9_Any_dataOT_
                0x08004bf0       0x24 ./Core/Src/BuildMenu.o
 .text._ZNSt14_Function_base13_Base_managerINL20miWaterTempAutoOnOffMUlvE_EE10_M_destroyERSt9_Any_dataSt17integral_constantIbLb1EE
                0x08004c14       0x18 ./Core/Src/BuildMenu.o
 .text._ZNKSt9_Any_data9_M_accessINL21miWaterLevelAutoOnOffMUlvE_EEERKT_v
                0x08004c2c       0x18 ./Core/Src/BuildMenu.o
 .text._ZSt11__addressofIKNL21miWaterLevelAutoOnOffMUlvE_EEPT_RS3_
                0x08004c44       0x16 ./Core/Src/BuildMenu.o
 .text._ZSt7forwardIRNL21miWaterLevelAutoOnOffMUlvE_EEOT_RNSt16remove_referenceIS3_E4typeE
                0x08004c5a       0x16 ./Core/Src/BuildMenu.o
 .text._ZSt13__invoke_implIvRNL21miWaterLevelAutoOnOffMUlvE_EJEET_St14__invoke_otherOT0_DpOT1_
                0x08004c70       0x20 ./Core/Src/BuildMenu.o
 .text._ZNSt14_Function_base13_Base_managerINL21miWaterLevelAutoOnOffMUlvE_EE15_M_init_functorIRKS2_EEvRSt9_Any_dataOT_
                0x08004c90       0x24 ./Core/Src/BuildMenu.o
 .text._ZNSt14_Function_base13_Base_managerINL21miWaterLevelAutoOnOffMUlvE_EE10_M_destroyERSt9_Any_dataSt17integral_constantIbLb1EE
                0x08004cb4       0x18 ./Core/Src/BuildMenu.o
 .text._ZNKSt9_Any_data9_M_accessINL17miWaterLevelResetMUlvE_EEERKT_v
                0x08004ccc       0x18 ./Core/Src/BuildMenu.o
 .text._ZSt11__addressofIKNL17miWaterLevelResetMUlvE_EEPT_RS3_
                0x08004ce4       0x16 ./Core/Src/BuildMenu.o
 .text._ZSt7forwardIRNL17miWaterLevelResetMUlvE_EEOT_RNSt16remove_referenceIS3_E4typeE
                0x08004cfa       0x16 ./Core/Src/BuildMenu.o
 .text._ZSt13__invoke_implIvRNL17miWaterLevelResetMUlvE_EJEET_St14__invoke_otherOT0_DpOT1_
                0x08004d10       0x20 ./Core/Src/BuildMenu.o
 .text._ZNSt14_Function_base13_Base_managerINL17miWaterLevelResetMUlvE_EE15_M_init_functorIRKS2_EEvRSt9_Any_dataOT_
                0x08004d30       0x24 ./Core/Src/BuildMenu.o
 .text._ZNSt14_Function_base13_Base_managerINL17miWaterLevelResetMUlvE_EE10_M_destroyERSt9_Any_dataSt17integral_constantIbLb1EE
                0x08004d54       0x18 ./Core/Src/BuildMenu.o
 .text._ZNKSt9_Any_data9_M_accessINL19miEnvTimeSetHoursOnMUlvE_EEERKT_v
                0x08004d6c       0x18 ./Core/Src/BuildMenu.o
 .text._ZSt11__addressofIKNL19miEnvTimeSetHoursOnMUlvE_EEPT_RS3_
                0x08004d84       0x16 ./Core/Src/BuildMenu.o
 .text._ZSt7forwardIRNL19miEnvTimeSetHoursOnMUlvE_EEOT_RNSt16remove_referenceIS3_E4typeE
                0x08004d9a       0x16 ./Core/Src/BuildMenu.o
 .text._ZSt13__invoke_implIvRNL19miEnvTimeSetHoursOnMUlvE_EJEET_St14__invoke_otherOT0_DpOT1_
                0x08004db0       0x20 ./Core/Src/BuildMenu.o
 .text._ZNSt14_Function_base13_Base_managerINL19miEnvTimeSetHoursOnMUlvE_EE15_M_init_functorIRKS2_EEvRSt9_Any_dataOT_
                0x08004dd0       0x24 ./Core/Src/BuildMenu.o
 .text._ZNSt14_Function_base13_Base_managerINL19miEnvTimeSetHoursOnMUlvE_EE10_M_destroyERSt9_Any_dataSt17integral_constantIbLb1EE
                0x08004df4       0x18 ./Core/Src/BuildMenu.o
 .text._ZNKSt9_Any_data9_M_accessINL21miEnvTimeSetMinutesOnMUlvE_EEERKT_v
                0x08004e0c       0x18 ./Core/Src/BuildMenu.o
 .text._ZSt11__addressofIKNL21miEnvTimeSetMinutesOnMUlvE_EEPT_RS3_
                0x08004e24       0x16 ./Core/Src/BuildMenu.o
 .text._ZSt7forwardIRNL21miEnvTimeSetMinutesOnMUlvE_EEOT_RNSt16remove_referenceIS3_E4typeE
                0x08004e3a       0x16 ./Core/Src/BuildMenu.o
 .text._ZSt13__invoke_implIvRNL21miEnvTimeSetMinutesOnMUlvE_EJEET_St14__invoke_otherOT0_DpOT1_
                0x08004e50       0x20 ./Core/Src/BuildMenu.o
 .text._ZNSt14_Function_base13_Base_managerINL21miEnvTimeSetMinutesOnMUlvE_EE15_M_init_functorIRKS2_EEvRSt9_Any_dataOT_
                0x08004e70       0x24 ./Core/Src/BuildMenu.o
 .text._ZNSt14_Function_base13_Base_managerINL21miEnvTimeSetMinutesOnMUlvE_EE10_M_destroyERSt9_Any_dataSt17integral_constantIbLb1EE
                0x08004e94       0x18 ./Core/Src/BuildMenu.o
 .text._ZNKSt9_Any_data9_M_accessINL20miEnvTimeSetHoursOffMUlvE_EEERKT_v
                0x08004eac       0x18 ./Core/Src/BuildMenu.o
 .text._ZSt11__addressofIKNL20miEnvTimeSetHoursOffMUlvE_EEPT_RS3_
                0x08004ec4       0x16 ./Core/Src/BuildMenu.o
 .text._ZSt7forwardIRNL20miEnvTimeSetHoursOffMUlvE_EEOT_RNSt16remove_referenceIS3_E4typeE
                0x08004eda       0x16 ./Core/Src/BuildMenu.o
 .text._ZSt13__invoke_implIvRNL20miEnvTimeSetHoursOffMUlvE_EJEET_St14__invoke_otherOT0_DpOT1_
                0x08004ef0       0x20 ./Core/Src/BuildMenu.o
 .text._ZNSt14_Function_base13_Base_managerINL20miEnvTimeSetHoursOffMUlvE_EE15_M_init_functorIRKS2_EEvRSt9_Any_dataOT_
                0x08004f10       0x24 ./Core/Src/BuildMenu.o
 .text._ZNSt14_Function_base13_Base_managerINL20miEnvTimeSetHoursOffMUlvE_EE10_M_destroyERSt9_Any_dataSt17integral_constantIbLb1EE
                0x08004f34       0x18 ./Core/Src/BuildMenu.o
 .text._ZNKSt9_Any_data9_M_accessINL22miEnvTimeSetMinutesOffMUlvE_EEERKT_v
                0x08004f4c       0x18 ./Core/Src/BuildMenu.o
 .text._ZSt11__addressofIKNL22miEnvTimeSetMinutesOffMUlvE_EEPT_RS3_
                0x08004f64       0x16 ./Core/Src/BuildMenu.o
 .text._ZSt7forwardIRNL22miEnvTimeSetMinutesOffMUlvE_EEOT_RNSt16remove_referenceIS3_E4typeE
                0x08004f7a       0x16 ./Core/Src/BuildMenu.o
 .text._ZSt13__invoke_implIvRNL22miEnvTimeSetMinutesOffMUlvE_EJEET_St14__invoke_otherOT0_DpOT1_
                0x08004f90       0x20 ./Core/Src/BuildMenu.o
 .text._ZNSt14_Function_base13_Base_managerINL22miEnvTimeSetMinutesOffMUlvE_EE15_M_init_functorIRKS2_EEvRSt9_Any_dataOT_
                0x08004fb0       0x24 ./Core/Src/BuildMenu.o
 .text._ZNSt14_Function_base13_Base_managerINL22miEnvTimeSetMinutesOffMUlvE_EE10_M_destroyERSt9_Any_dataSt17integral_constantIbLb1EE
                0x08004fd4       0x18 ./Core/Src/BuildMenu.o
 .text._ZSt7forwardIRKPFvvEEOT_RNSt16remove_referenceIS4_E4typeE
                0x08004fec       0x16 ./Core/Src/BuildMenu.o
                0x08004fec                void (* const&std::forward<void (* const&)()>(std::remove_reference<void (* const&)()>::type&))()
 .text._ZNSt14_Function_base13_Base_managerIPFvvEE9_M_createIRKS2_EEvRSt9_Any_dataOT_St17integral_constantIbLb1EE
                0x08005002       0x32 ./Core/Src/BuildMenu.o
                0x08005002                void std::_Function_base::_Base_manager<void (*)()>::_M_create<void (* const&)()>(std::_Any_data&, void (* const&)(), std::integral_constant<bool, true>)
 .text._ZNSt9_Any_data9_M_accessIPFvvEEERT_v
                0x08005034       0x18 ./Core/Src/BuildMenu.o
                0x08005034                void (*&std::_Any_data::_M_access<void (*)()>())()
 .text._ZSt7forwardIRKNL18miLightManualOnOffMUlvE_EEOT_RNSt16remove_referenceIS4_E4typeE
                0x0800504c       0x16 ./Core/Src/BuildMenu.o
 .text._ZNSt14_Function_base13_Base_managerINL18miLightManualOnOffMUlvE_EE9_M_createIRKS2_EEvRSt9_Any_dataOT_St17integral_constantIbLb1EE
                0x08005062       0x2a ./Core/Src/BuildMenu.o
 .text._ZNSt9_Any_data9_M_accessINL18miLightManualOnOffMUlvE_EEERT_v
                0x0800508c       0x18 ./Core/Src/BuildMenu.o
 .text._ZSt7forwardIRKNL16miLightAutoOnOffMUlvE_EEOT_RNSt16remove_referenceIS4_E4typeE
                0x080050a4       0x16 ./Core/Src/BuildMenu.o
 .text._ZNSt14_Function_base13_Base_managerINL16miLightAutoOnOffMUlvE_EE9_M_createIRKS2_EEvRSt9_Any_dataOT_St17integral_constantIbLb1EE
                0x080050ba       0x2a ./Core/Src/BuildMenu.o
 .text._ZNSt9_Any_data9_M_accessINL16miLightAutoOnOffMUlvE_EEERT_v
                0x080050e4       0x18 ./Core/Src/BuildMenu.o
 .text._ZSt7forwardIRKNL22miWaterTempManualOnOffMUlvE_EEOT_RNSt16remove_referenceIS4_E4typeE
                0x080050fc       0x16 ./Core/Src/BuildMenu.o
 .text._ZNSt14_Function_base13_Base_managerINL22miWaterTempManualOnOffMUlvE_EE9_M_createIRKS2_EEvRSt9_Any_dataOT_St17integral_constantIbLb1EE
                0x08005112       0x2a ./Core/Src/BuildMenu.o
 .text._ZNSt9_Any_data9_M_accessINL22miWaterTempManualOnOffMUlvE_EEERT_v
                0x0800513c       0x18 ./Core/Src/BuildMenu.o
 .text._ZSt7forwardIRKNL20miWaterTempAutoOnOffMUlvE_EEOT_RNSt16remove_referenceIS4_E4typeE
                0x08005154       0x16 ./Core/Src/BuildMenu.o
 .text._ZNSt14_Function_base13_Base_managerINL20miWaterTempAutoOnOffMUlvE_EE9_M_createIRKS2_EEvRSt9_Any_dataOT_St17integral_constantIbLb1EE
                0x0800516a       0x2a ./Core/Src/BuildMenu.o
 .text._ZNSt9_Any_data9_M_accessINL20miWaterTempAutoOnOffMUlvE_EEERT_v
                0x08005194       0x18 ./Core/Src/BuildMenu.o
 .text._ZSt7forwardIRKNL21miWaterLevelAutoOnOffMUlvE_EEOT_RNSt16remove_referenceIS4_E4typeE
                0x080051ac       0x16 ./Core/Src/BuildMenu.o
 .text._ZNSt14_Function_base13_Base_managerINL21miWaterLevelAutoOnOffMUlvE_EE9_M_createIRKS2_EEvRSt9_Any_dataOT_St17integral_constantIbLb1EE
                0x080051c2       0x2a ./Core/Src/BuildMenu.o
 .text._ZNSt9_Any_data9_M_accessINL21miWaterLevelAutoOnOffMUlvE_EEERT_v
                0x080051ec       0x18 ./Core/Src/BuildMenu.o
 .text._ZSt7forwardIRKNL17miWaterLevelResetMUlvE_EEOT_RNSt16remove_referenceIS4_E4typeE
                0x08005204       0x16 ./Core/Src/BuildMenu.o
 .text._ZNSt14_Function_base13_Base_managerINL17miWaterLevelResetMUlvE_EE9_M_createIRKS2_EEvRSt9_Any_dataOT_St17integral_constantIbLb1EE
                0x0800521a       0x2a ./Core/Src/BuildMenu.o
 .text._ZNSt9_Any_data9_M_accessINL17miWaterLevelResetMUlvE_EEERT_v
                0x08005244       0x18 ./Core/Src/BuildMenu.o
 .text._ZSt7forwardIRKNL19miEnvTimeSetHoursOnMUlvE_EEOT_RNSt16remove_referenceIS4_E4typeE
                0x0800525c       0x16 ./Core/Src/BuildMenu.o
 .text._ZNSt14_Function_base13_Base_managerINL19miEnvTimeSetHoursOnMUlvE_EE9_M_createIRKS2_EEvRSt9_Any_dataOT_St17integral_constantIbLb1EE
                0x08005272       0x2a ./Core/Src/BuildMenu.o
 .text._ZNSt9_Any_data9_M_accessINL19miEnvTimeSetHoursOnMUlvE_EEERT_v
                0x0800529c       0x18 ./Core/Src/BuildMenu.o
 .text._ZSt7forwardIRKNL21miEnvTimeSetMinutesOnMUlvE_EEOT_RNSt16remove_referenceIS4_E4typeE
                0x080052b4       0x16 ./Core/Src/BuildMenu.o
 .text._ZNSt14_Function_base13_Base_managerINL21miEnvTimeSetMinutesOnMUlvE_EE9_M_createIRKS2_EEvRSt9_Any_dataOT_St17integral_constantIbLb1EE
                0x080052ca       0x2a ./Core/Src/BuildMenu.o
 .text._ZNSt9_Any_data9_M_accessINL21miEnvTimeSetMinutesOnMUlvE_EEERT_v
                0x080052f4       0x18 ./Core/Src/BuildMenu.o
 .text._ZSt7forwardIRKNL20miEnvTimeSetHoursOffMUlvE_EEOT_RNSt16remove_referenceIS4_E4typeE
                0x0800530c       0x16 ./Core/Src/BuildMenu.o
 .text._ZNSt14_Function_base13_Base_managerINL20miEnvTimeSetHoursOffMUlvE_EE9_M_createIRKS2_EEvRSt9_Any_dataOT_St17integral_constantIbLb1EE
                0x08005322       0x2a ./Core/Src/BuildMenu.o
 .text._ZNSt9_Any_data9_M_accessINL20miEnvTimeSetHoursOffMUlvE_EEERT_v
                0x0800534c       0x18 ./Core/Src/BuildMenu.o
 .text._ZSt7forwardIRKNL22miEnvTimeSetMinutesOffMUlvE_EEOT_RNSt16remove_referenceIS4_E4typeE
                0x08005364       0x16 ./Core/Src/BuildMenu.o
 .text._ZNSt14_Function_base13_Base_managerINL22miEnvTimeSetMinutesOffMUlvE_EE9_M_createIRKS2_EEvRSt9_Any_dataOT_St17integral_constantIbLb1EE
                0x0800537a       0x2a ./Core/Src/BuildMenu.o
 .text._ZNSt9_Any_data9_M_accessINL22miEnvTimeSetMinutesOffMUlvE_EEERT_v
                0x080053a4       0x18 ./Core/Src/BuildMenu.o
 .text._Z41__static_initialization_and_destruction_0v
                0x080053bc      0xa94 ./Core/Src/BuildMenu.o
 .text._ZN8MenuItemD2Ev
                0x08005e50       0x2e ./Core/Src/BuildMenu.o
                0x08005e50                MenuItem::~MenuItem()
                0x08005e50                MenuItem::~MenuItem()
 *fill*         0x08005e7e        0x2 
 .text._Z41__static_initialization_and_destruction_1v
                0x08005e80      0x154 ./Core/Src/BuildMenu.o
 .text._GLOBAL__sub_I_sTime
                0x08005fd4        0xa ./Core/Src/BuildMenu.o
 .text._GLOBAL__sub_D_sTime
                0x08005fde        0xa ./Core/Src/BuildMenu.o
 .text._ZN8IEncoderC2Ev
                0x08005fe8       0x20 ./Core/Src/EncoderController.o
                0x08005fe8                IEncoder::IEncoder()
                0x08005fe8                IEncoder::IEncoder()
 .text._ZN8IEncoderD2Ev
                0x08006008       0x20 ./Core/Src/EncoderController.o
                0x08006008                IEncoder::~IEncoder()
                0x08006008                IEncoder::~IEncoder()
 .text._ZN8IEncoderD0Ev
                0x08006028       0x20 ./Core/Src/EncoderController.o
                0x08006028                IEncoder::~IEncoder()
 .text._ZN10EncoderDevC2EP17TIM_HandleTypeDefm
                0x08006048       0x6c ./Core/Src/EncoderController.o
                0x08006048                EncoderDev::EncoderDev(TIM_HandleTypeDef*, unsigned long)
                0x08006048                EncoderDev::EncoderDev(TIM_HandleTypeDef*, unsigned long)
 .text._ZN10EncoderDev20GetEncoderPulseCountEv
                0x080060b4       0x20 ./Core/Src/EncoderController.o
                0x080060b4                EncoderDev::GetEncoderPulseCount()
 .text._ZN10EncoderDev18GetEncoderPositionEv
                0x080060d4       0x1c ./Core/Src/EncoderController.o
                0x080060d4                EncoderDev::GetEncoderPosition()
 .text._ZN10EncoderDev15GetEncoderShiftEv
                0x080060f0       0x7c ./Core/Src/EncoderController.o
                0x080060f0                EncoderDev::GetEncoderShift()
 .text._ZN10EncoderDev20ResetEncoderPositionEv
                0x0800616c       0x1e ./Core/Src/EncoderController.o
                0x0800616c                EncoderDev::ResetEncoderPosition()
 .text._ZN10EncoderDev18SetEncoderPositionEt
                0x0800618a       0x2a ./Core/Src/EncoderController.o
                0x0800618a                EncoderDev::SetEncoderPosition(unsigned short)
 .text._ZN10EncoderDevD2Ev
                0x080061b4       0x24 ./Core/Src/EncoderController.o
                0x080061b4                EncoderDev::~EncoderDev()
                0x080061b4                EncoderDev::~EncoderDev()
 .text._ZN10EncoderDevD0Ev
                0x080061d8       0x20 ./Core/Src/EncoderController.o
                0x080061d8                EncoderDev::~EncoderDev()
 .text._ZNKSt14_Function_base8_M_emptyEv
                0x080061f8       0x22 ./Core/Src/MainMenu.o
                0x080061f8                std::_Function_base::_M_empty() const
 .text._ZNK8MenuItem8isActionEv
                0x0800621a       0x1c ./Core/Src/MainMenu.o
                0x0800621a                MenuItem::isAction() const
 .text._ZNK8MenuItem11hasChildrenEv
                0x08006236       0x22 ./Core/Src/MainMenu.o
                0x08006236                MenuItem::hasChildren() const
 .text._ZSt3minIjERKT_S2_S2_
                0x08006258       0x28 ./Core/Src/MainMenu.o
                0x08006258                unsigned int const& std::min<unsigned int>(unsigned int const&, unsigned int const&)
 .text._ZL14PrintLineFixedhPKcb
                0x08006280       0x86 ./Core/Src/MainMenu.o
 *fill*         0x08006306        0x2 
 .text._Z6RenderR9MenuState
                0x08006308      0x150 ./Core/Src/MainMenu.o
                0x08006308                Render(MenuState&)
 .text._Z8MoveDownR9MenuState
                0x08006458       0x66 ./Core/Src/MainMenu.o
                0x08006458                MoveDown(MenuState&)
 .text._Z6MoveUpR9MenuState
                0x080064be       0x64 ./Core/Src/MainMenu.o
                0x080064be                MoveUp(MenuState&)
 .text._Z5EnterR9MenuState
                0x08006522       0x6a ./Core/Src/MainMenu.o
                0x08006522                Enter(MenuState&)
 .text._Z4BackR9MenuState
                0x0800658c       0x3c ./Core/Src/MainMenu.o
                0x0800658c                Back(MenuState&)
 .text._Z6GoRootR9MenuStateP8MenuItem
                0x080065c8       0x28 ./Core/Src/MainMenu.o
                0x080065c8                GoRoot(MenuState&, MenuItem*)
 .text._Z4LinkR8MenuItemS0_
                0x080065f0       0x2e ./Core/Src/MainMenu.o
                0x080065f0                Link(MenuItem&, MenuItem&)
 .text._ZNKSt8functionIFvvEEcvbEv
                0x0800661e       0x20 ./Core/Src/MainMenu.o
                0x0800661e                std::function<void ()>::operator bool() const
 .text._ZNKSt6vectorIP8MenuItemSaIS1_EE5emptyEv
                0x0800663e       0x36 ./Core/Src/MainMenu.o
                0x0800663e                std::vector<MenuItem*, std::allocator<MenuItem*> >::empty() const
 .text._ZNKSt6vectorIP8MenuItemSaIS1_EE4sizeEv
                0x08006674       0x20 ./Core/Src/MainMenu.o
                0x08006674                std::vector<MenuItem*, std::allocator<MenuItem*> >::size() const
 .text._ZNSt6vectorIP8MenuItemSaIS1_EEixEj
                0x08006694       0x20 ./Core/Src/MainMenu.o
                0x08006694                std::vector<MenuItem*, std::allocator<MenuItem*> >::operator[](unsigned int)
 .text._ZNKSt8functionIFvvEEclEv
                0x080066b4       0x2c ./Core/Src/MainMenu.o
                0x080066b4                std::function<void ()>::operator()() const
 .text._ZNSt6vectorIP8MenuItemSaIS1_EE9push_backEOS1_
                0x080066e0       0x22 ./Core/Src/MainMenu.o
                0x080066e0                std::vector<MenuItem*, std::allocator<MenuItem*> >::push_back(MenuItem*&&)
 .text._ZNKSt6vectorIP8MenuItemSaIS1_EE5beginEv
                0x08006702       0x20 ./Core/Src/MainMenu.o
                0x08006702                std::vector<MenuItem*, std::allocator<MenuItem*> >::begin() const
 .text._ZNKSt6vectorIP8MenuItemSaIS1_EE3endEv
                0x08006722       0x22 ./Core/Src/MainMenu.o
                0x08006722                std::vector<MenuItem*, std::allocator<MenuItem*> >::end() const
 .text._ZN9__gnu_cxxeqIPKP8MenuItemSt6vectorIS2_SaIS2_EEEEbRKNS_17__normal_iteratorIT_T0_EESD_
                0x08006744       0x30 ./Core/Src/MainMenu.o
                0x08006744                bool __gnu_cxx::operator==<MenuItem* const*, std::vector<MenuItem*, std::allocator<MenuItem*> > >(__gnu_cxx::__normal_iterator<MenuItem* const*, std::vector<MenuItem*, std::allocator<MenuItem*> > > const&, __gnu_cxx::__normal_iterator<MenuItem* const*, std::vector<MenuItem*, std::allocator<MenuItem*> > > const&)
 .text._ZSt4moveIRP8MenuItemEONSt16remove_referenceIT_E4typeEOS4_
                0x08006774       0x16 ./Core/Src/MainMenu.o
                0x08006774                std::remove_reference<MenuItem*&>::type&& std::move<MenuItem*&>(MenuItem*&)
 .text._ZNSt6vectorIP8MenuItemSaIS1_EE12emplace_backIJS1_EEEvDpOT_
                0x0800678a       0x86 ./Core/Src/MainMenu.o
                0x0800678a                void std::vector<MenuItem*, std::allocator<MenuItem*> >::emplace_back<MenuItem*>(MenuItem*&&)
 .text._ZN9__gnu_cxx17__normal_iteratorIPKP8MenuItemSt6vectorIS2_SaIS2_EEEC2ERKS4_
                0x08006810       0x20 ./Core/Src/MainMenu.o
                0x08006810                __gnu_cxx::__normal_iterator<MenuItem* const*, std::vector<MenuItem*, std::allocator<MenuItem*> > >::__normal_iterator(MenuItem* const* const&)
                0x08006810                __gnu_cxx::__normal_iterator<MenuItem* const*, std::vector<MenuItem*, std::allocator<MenuItem*> > >::__normal_iterator(MenuItem* const* const&)
 .text._ZNK9__gnu_cxx17__normal_iteratorIPKP8MenuItemSt6vectorIS2_SaIS2_EEE4baseEv
                0x08006830       0x16 ./Core/Src/MainMenu.o
                0x08006830                __gnu_cxx::__normal_iterator<MenuItem* const*, std::vector<MenuItem*, std::allocator<MenuItem*> > >::base() const
 .text._ZSt7forwardIP8MenuItemEOT_RNSt16remove_referenceIS2_E4typeE
                0x08006846       0x16 ./Core/Src/MainMenu.o
                0x08006846                MenuItem*&& std::forward<MenuItem*>(std::remove_reference<MenuItem*>::type&)
 .text._ZNSt6vectorIP8MenuItemSaIS1_EE3endEv
                0x0800685c       0x22 ./Core/Src/MainMenu.o
                0x0800685c                std::vector<MenuItem*, std::allocator<MenuItem*> >::end()
 .text._ZNSt6vectorIP8MenuItemSaIS1_EE15_S_use_relocateEv
                0x0800687e       0x16 ./Core/Src/MainMenu.o
                0x0800687e                std::vector<MenuItem*, std::allocator<MenuItem*> >::_S_use_relocate()
 .text._ZNSt6vectorIP8MenuItemSaIS1_EE19_S_nothrow_relocateESt17integral_constantIbLb1EE
                0x08006894       0x16 ./Core/Src/MainMenu.o
                0x08006894                std::vector<MenuItem*, std::allocator<MenuItem*> >::_S_nothrow_relocate(std::integral_constant<bool, true>)
 *fill*         0x080068aa        0x2 
 .text._ZNSt6vectorIP8MenuItemSaIS1_EE17_M_realloc_insertIJS1_EEEvN9__gnu_cxx17__normal_iteratorIPS1_S3_EEDpOT_
                0x080068ac      0x1ac ./Core/Src/MainMenu.o
                0x080068ac                void std::vector<MenuItem*, std::allocator<MenuItem*> >::_M_realloc_insert<MenuItem*>(__gnu_cxx::__normal_iterator<MenuItem**, std::vector<MenuItem*, std::allocator<MenuItem*> > >, MenuItem*&&)
 .text._ZN9__gnu_cxx17__normal_iteratorIPP8MenuItemSt6vectorIS2_SaIS2_EEEC2ERKS3_
                0x08006a58       0x20 ./Core/Src/MainMenu.o
                0x08006a58                __gnu_cxx::__normal_iterator<MenuItem**, std::vector<MenuItem*, std::allocator<MenuItem*> > >::__normal_iterator(MenuItem** const&)
                0x08006a58                __gnu_cxx::__normal_iterator<MenuItem**, std::vector<MenuItem*, std::allocator<MenuItem*> > >::__normal_iterator(MenuItem** const&)
 .text._ZNKSt6vectorIP8MenuItemSaIS1_EE12_M_check_lenEjPKc
                0x08006a78       0x8e ./Core/Src/MainMenu.o
                0x08006a78                std::vector<MenuItem*, std::allocator<MenuItem*> >::_M_check_len(unsigned int, char const*) const
 .text._ZNSt6vectorIP8MenuItemSaIS1_EE5beginEv
                0x08006b06       0x20 ./Core/Src/MainMenu.o
                0x08006b06                std::vector<MenuItem*, std::allocator<MenuItem*> >::begin()
 .text._ZN9__gnu_cxxmiIPP8MenuItemSt6vectorIS2_SaIS2_EEEENS_17__normal_iteratorIT_T0_E15difference_typeERKSA_SD_
                0x08006b26       0x2a ./Core/Src/MainMenu.o
                0x08006b26                __gnu_cxx::__normal_iterator<MenuItem**, std::vector<MenuItem*, std::allocator<MenuItem*> > >::difference_type __gnu_cxx::operator-<MenuItem**, std::vector<MenuItem*, std::allocator<MenuItem*> > >(__gnu_cxx::__normal_iterator<MenuItem**, std::vector<MenuItem*, std::allocator<MenuItem*> > > const&, __gnu_cxx::__normal_iterator<MenuItem**, std::vector<MenuItem*, std::allocator<MenuItem*> > > const&)
 .text._ZNSt12_Vector_baseIP8MenuItemSaIS1_EE11_M_allocateEj
                0x08006b50       0x32 ./Core/Src/MainMenu.o
                0x08006b50                std::_Vector_base<MenuItem*, std::allocator<MenuItem*> >::_M_allocate(unsigned int)
 .text._ZNSt6vectorIP8MenuItemSaIS1_EE11_S_relocateEPS1_S4_S4_RS2_
                0x08006b82       0x28 ./Core/Src/MainMenu.o
                0x08006b82                std::vector<MenuItem*, std::allocator<MenuItem*> >::_S_relocate(MenuItem**, MenuItem**, MenuItem**, std::allocator<MenuItem*>&)
 .text._ZNK9__gnu_cxx17__normal_iteratorIPP8MenuItemSt6vectorIS2_SaIS2_EEE4baseEv
                0x08006baa       0x16 ./Core/Src/MainMenu.o
                0x08006baa                __gnu_cxx::__normal_iterator<MenuItem**, std::vector<MenuItem*, std::allocator<MenuItem*> > >::base() const
 .text._ZSt34__uninitialized_move_if_noexcept_aIPP8MenuItemS2_SaIS1_EET0_T_S5_S4_RT1_
                0x08006bc0       0x32 ./Core/Src/MainMenu.o
                0x08006bc0                MenuItem** std::__uninitialized_move_if_noexcept_a<MenuItem**, MenuItem**, std::allocator<MenuItem*> >(MenuItem**, MenuItem**, MenuItem**, std::allocator<MenuItem*>&)
 .text._ZNKSt6vectorIP8MenuItemSaIS1_EE8max_sizeEv
                0x08006bf2       0x22 ./Core/Src/MainMenu.o
                0x08006bf2                std::vector<MenuItem*, std::allocator<MenuItem*> >::max_size() const
 .text._ZSt3maxIjERKT_S2_S2_
                0x08006c14       0x28 ./Core/Src/MainMenu.o
                0x08006c14                unsigned int const& std::max<unsigned int>(unsigned int const&, unsigned int const&)
 .text._ZNSt6vectorIP8MenuItemSaIS1_EE14_S_do_relocateEPS1_S4_S4_RS2_St17integral_constantIbLb1EE
                0x08006c3c       0x24 ./Core/Src/MainMenu.o
                0x08006c3c                std::vector<MenuItem*, std::allocator<MenuItem*> >::_S_do_relocate(MenuItem**, MenuItem**, MenuItem**, std::allocator<MenuItem*>&, std::integral_constant<bool, true>)
 .text._ZSt32__make_move_if_noexcept_iteratorIP8MenuItemSt13move_iteratorIPS1_EET0_PT_
                0x08006c60       0x1e ./Core/Src/MainMenu.o
                0x08006c60                std::move_iterator<MenuItem**> std::__make_move_if_noexcept_iterator<MenuItem*, std::move_iterator<MenuItem**> >(MenuItem**)
 .text._ZSt22__uninitialized_copy_aISt13move_iteratorIPP8MenuItemES3_S2_ET0_T_S6_S5_RSaIT1_E
                0x08006c7e       0x22 ./Core/Src/MainMenu.o
                0x08006c7e                MenuItem** std::__uninitialized_copy_a<std::move_iterator<MenuItem**>, MenuItem**, MenuItem*>(std::move_iterator<MenuItem**>, std::move_iterator<MenuItem**>, MenuItem**, std::allocator<MenuItem*>&)
 .text._ZNSt6vectorIP8MenuItemSaIS1_EE11_S_max_sizeERKS2_
                0x08006ca0       0x40 ./Core/Src/MainMenu.o
                0x08006ca0                std::vector<MenuItem*, std::allocator<MenuItem*> >::_S_max_size(std::allocator<MenuItem*> const&)
 .text._ZNKSt12_Vector_baseIP8MenuItemSaIS1_EE19_M_get_Tp_allocatorEv
                0x08006ce0       0x16 ./Core/Src/MainMenu.o
                0x08006ce0                std::_Vector_base<MenuItem*, std::allocator<MenuItem*> >::_M_get_Tp_allocator() const
 .text._ZNSt15__new_allocatorIP8MenuItemE8allocateEjPKv
                0x08006cf6       0x52 ./Core/Src/MainMenu.o
                0x08006cf6                std::__new_allocator<MenuItem*>::allocate(unsigned int, void const*)
 .text._ZSt12__relocate_aIPP8MenuItemS2_SaIS1_EET0_T_S5_S4_RT1_
                0x08006d48       0x3a ./Core/Src/MainMenu.o
                0x08006d48                MenuItem** std::__relocate_a<MenuItem**, MenuItem**, std::allocator<MenuItem*> >(MenuItem**, MenuItem**, MenuItem**, std::allocator<MenuItem*>&)
 .text._ZNSt13move_iteratorIPP8MenuItemEC2ES2_
                0x08006d82       0x24 ./Core/Src/MainMenu.o
                0x08006d82                std::move_iterator<MenuItem**>::move_iterator(MenuItem**)
                0x08006d82                std::move_iterator<MenuItem**>::move_iterator(MenuItem**)
 .text._ZSt18uninitialized_copyISt13move_iteratorIPP8MenuItemES3_ET0_T_S6_S5_
                0x08006da6       0x28 ./Core/Src/MainMenu.o
                0x08006da6                MenuItem** std::uninitialized_copy<std::move_iterator<MenuItem**>, MenuItem**>(std::move_iterator<MenuItem**>, std::move_iterator<MenuItem**>, MenuItem**)
 .text._ZSt12__niter_baseIPP8MenuItemET_S3_
                0x08006dce       0x16 ./Core/Src/MainMenu.o
                0x08006dce                MenuItem** std::__niter_base<MenuItem**>(MenuItem**)
 .text._ZSt14__relocate_a_1IP8MenuItemS1_ENSt9enable_ifIXsrSt24__is_bitwise_relocatableIT_vE5valueEPS4_E4typeES6_S6_S6_RSaIT0_E
                0x08006de4       0x3c ./Core/Src/MainMenu.o
                0x08006de4                std::enable_if<std::__is_bitwise_relocatable<MenuItem*, void>::value, MenuItem**>::type std::__relocate_a_1<MenuItem*, MenuItem*>(MenuItem**, MenuItem**, MenuItem**, std::allocator<MenuItem*>&)
 .text._ZSt4moveIRPP8MenuItemEONSt16remove_referenceIT_E4typeEOS5_
                0x08006e20       0x16 ./Core/Src/MainMenu.o
                0x08006e20                std::remove_reference<MenuItem**&>::type&& std::move<MenuItem**&>(MenuItem**&)
 .text._ZNSt20__uninitialized_copyILb1EE13__uninit_copyISt13move_iteratorIPP8MenuItemES5_EET0_T_S8_S7_
                0x08006e36       0x20 ./Core/Src/MainMenu.o
                0x08006e36                MenuItem** std::__uninitialized_copy<true>::__uninit_copy<std::move_iterator<MenuItem**>, MenuItem**>(std::move_iterator<MenuItem**>, std::move_iterator<MenuItem**>, MenuItem**)
 .text._ZSt4copyISt13move_iteratorIPP8MenuItemES3_ET0_T_S6_S5_
                0x08006e56       0x30 ./Core/Src/MainMenu.o
                0x08006e56                MenuItem** std::copy<std::move_iterator<MenuItem**>, MenuItem**>(std::move_iterator<MenuItem**>, std::move_iterator<MenuItem**>, MenuItem**)
 .text._ZSt12__miter_baseIPP8MenuItemEDTcl12__miter_basecldtfp_4baseEEESt13move_iteratorIT_E
                0x08006e86       0x22 ./Core/Src/MainMenu.o
                0x08006e86                decltype (__miter_base(({parm#1}.base)())) std::__miter_base<MenuItem**>(std::move_iterator<MenuItem**>)
 .text._ZSt13__copy_move_aILb1EPP8MenuItemS2_ET1_T0_S4_S3_
                0x08006ea8       0x46 ./Core/Src/MainMenu.o
                0x08006ea8                MenuItem** std::__copy_move_a<true, MenuItem**, MenuItem**>(MenuItem**, MenuItem**, MenuItem**)
 .text._ZNKSt13move_iteratorIPP8MenuItemE4baseEv
                0x08006eee       0x18 ./Core/Src/MainMenu.o
                0x08006eee                std::move_iterator<MenuItem**>::base() const
 .text._ZSt12__miter_baseIPP8MenuItemET_S3_
                0x08006f06       0x16 ./Core/Src/MainMenu.o
                0x08006f06                MenuItem** std::__miter_base<MenuItem**>(MenuItem**)
 .text._ZSt14__copy_move_a1ILb1EPP8MenuItemS2_ET1_T0_S4_S3_
                0x08006f1c       0x20 ./Core/Src/MainMenu.o
                0x08006f1c                MenuItem** std::__copy_move_a1<true, MenuItem**, MenuItem**>(MenuItem**, MenuItem**, MenuItem**)
 .text._ZSt12__niter_wrapIPP8MenuItemET_RKS3_S3_
                0x08006f3c       0x18 ./Core/Src/MainMenu.o
                0x08006f3c                MenuItem** std::__niter_wrap<MenuItem**>(MenuItem** const&, MenuItem**)
 .text._ZSt14__copy_move_a2ILb1EPP8MenuItemS2_ET1_T0_S4_S3_
                0x08006f54       0x20 ./Core/Src/MainMenu.o
                0x08006f54                MenuItem** std::__copy_move_a2<true, MenuItem**, MenuItem**>(MenuItem**, MenuItem**, MenuItem**)
 .text._ZNSt11__copy_moveILb1ELb1ESt26random_access_iterator_tagE8__copy_mIP8MenuItemS4_EEPT0_PT_S8_S6_
                0x08006f74       0x54 ./Core/Src/MainMenu.o
                0x08006f74                MenuItem** std::__copy_move<true, true, std::random_access_iterator_tag>::__copy_m<MenuItem*, MenuItem*>(MenuItem**, MenuItem**, MenuItem**)
 .text._ZNSt11__copy_moveILb1ELb0ESt26random_access_iterator_tagE12__assign_oneIP8MenuItemS4_EEvPT_PT0_
                0x08006fc8       0x20 ./Core/Src/MainMenu.o
                0x08006fc8                void std::__copy_move<true, false, std::random_access_iterator_tag>::__assign_one<MenuItem*, MenuItem*>(MenuItem**, MenuItem**)
 .text._ZL7Bin2Bcdh
                0x08006fe8       0x44 ./Core/Src/RTCController.o
 .text._ZL7Bcd2Binh
                0x0800702c       0x32 ./Core/Src/RTCController.o
 .text._ZL12ValidateTimePK15RTC_TimeTypeDef
                0x0800705e       0x44 ./Core/Src/RTCController.o
 .text._ZL12ValidateDatePK15RTC_DateTypeDef
                0x080070a2       0x68 ./Core/Src/RTCController.o
 *fill*         0x0800710a        0x2 
 .text._ZN4IRtcC2Ev
                0x0800710c       0x20 ./Core/Src/RTCController.o
                0x0800710c                IRtc::IRtc()
                0x0800710c                IRtc::IRtc()
 .text._ZN4IRtcD2Ev
                0x0800712c       0x20 ./Core/Src/RTCController.o
                0x0800712c                IRtc::~IRtc()
                0x0800712c                IRtc::~IRtc()
 .text._ZN4IRtcD0Ev
                0x0800714c       0x20 ./Core/Src/RTCController.o
                0x0800714c                IRtc::~IRtc()
 .text._ZN13RtcControllerC2EP17I2C_HandleTypeDefh
                0x0800716c       0x40 ./Core/Src/RTCController.o
                0x0800716c                RtcController::RtcController(I2C_HandleTypeDef*, unsigned char)
                0x0800716c                RtcController::RtcController(I2C_HandleTypeDef*, unsigned char)
 .text._ZN13RtcController11IsTimeValidEv
                0x080071ac       0x54 ./Core/Src/RTCController.o
                0x080071ac                RtcController::IsTimeValid()
 .text._ZN13RtcController11SetDateTimeEP15RTC_DateTypeDefP15RTC_TimeTypeDef
                0x08007200      0x154 ./Core/Src/RTCController.o
                0x08007200                RtcController::SetDateTime(RTC_DateTypeDef*, RTC_TimeTypeDef*)
 .text._ZN13RtcController8ReadTimeEP15RTC_TimeTypeDef
                0x08007354      0x116 ./Core/Src/RTCController.o
                0x08007354                RtcController::ReadTime(RTC_TimeTypeDef*)
 .text._ZN13RtcController8ReadDateEP15RTC_DateTypeDef
                0x0800746a       0xae ./Core/Src/RTCController.o
                0x0800746a                RtcController::ReadDate(RTC_DateTypeDef*)
 .text._ZN13RtcController18SynchronizeRTC_MCUEP17RTC_HandleTypeDef
                0x08007518       0x52 ./Core/Src/RTCController.o
                0x08007518                RtcController::SynchronizeRTC_MCU(RTC_HandleTypeDef*)
 *fill*         0x0800756a        0x2 
 .text._ZN13RtcControllerD2Ev
                0x0800756c       0x24 ./Core/Src/RTCController.o
                0x0800756c                RtcController::~RtcController()
                0x0800756c                RtcController::~RtcController()
 .text._ZN13RtcControllerD0Ev
                0x08007590       0x20 ./Core/Src/RTCController.o
                0x08007590                RtcController::~RtcController()
 .text._ZN18ITemperatureSensorC2Ev
                0x080075b0       0x20 ./Core/Src/TemperatureSensors.o
                0x080075b0                ITemperatureSensor::ITemperatureSensor()
                0x080075b0                ITemperatureSensor::ITemperatureSensor()
 .text._ZN18ITemperatureSensorD2Ev
                0x080075d0       0x20 ./Core/Src/TemperatureSensors.o
                0x080075d0                ITemperatureSensor::~ITemperatureSensor()
                0x080075d0                ITemperatureSensor::~ITemperatureSensor()
 .text._ZN18ITemperatureSensorD0Ev
                0x080075f0       0x20 ./Core/Src/TemperatureSensors.o
                0x080075f0                ITemperatureSensor::~ITemperatureSensor()
 .text._ZN13DS18B20SensorC2EP12GPIO_TypeDeftP17TIM_HandleTypeDef
                0x08007610       0x4c ./Core/Src/TemperatureSensors.o
                0x08007610                DS18B20Sensor::DS18B20Sensor(GPIO_TypeDef*, unsigned short, TIM_HandleTypeDef*)
                0x08007610                DS18B20Sensor::DS18B20Sensor(GPIO_TypeDef*, unsigned short, TIM_HandleTypeDef*)
 .text._ZN13DS18B20Sensor7DelayUsEt
                0x0800765c       0x3e ./Core/Src/TemperatureSensors.o
                0x0800765c                DS18B20Sensor::DelayUs(unsigned short)
 .text._ZN13DS18B20Sensor9LineInputEv
                0x0800769a       0x3e ./Core/Src/TemperatureSensors.o
                0x0800769a                DS18B20Sensor::LineInput()
 .text._ZN13DS18B20Sensor12LineOutputODEv
                0x080076d8       0x42 ./Core/Src/TemperatureSensors.o
                0x080076d8                DS18B20Sensor::LineOutputOD()
 .text._ZN13DS18B20Sensor8DriveLowEv
                0x0800771a       0x26 ./Core/Src/TemperatureSensors.o
                0x0800771a                DS18B20Sensor::DriveLow()
 .text._ZN13DS18B20Sensor11ReleaseLineEv
                0x08007740       0x16 ./Core/Src/TemperatureSensors.o
                0x08007740                DS18B20Sensor::ReleaseLine()
 .text._ZN13DS18B20Sensor8ReadLineEv
                0x08007756       0x2c ./Core/Src/TemperatureSensors.o
                0x08007756                DS18B20Sensor::ReadLine()
 .text._ZN13DS18B20Sensor10ResetPulseEv
                0x08007782       0x58 ./Core/Src/TemperatureSensors.o
                0x08007782                DS18B20Sensor::ResetPulse()
 .text._ZN13DS18B20Sensor8WriteBitEh
                0x080077da       0x4e ./Core/Src/TemperatureSensors.o
                0x080077da                DS18B20Sensor::WriteBit(unsigned char)
 .text._ZN13DS18B20Sensor7ReadBitEv
                0x08007828       0x44 ./Core/Src/TemperatureSensors.o
                0x08007828                DS18B20Sensor::ReadBit()
 .text._ZN13DS18B20Sensor9WriteByteEh
                0x0800786c       0x3e ./Core/Src/TemperatureSensors.o
                0x0800786c                DS18B20Sensor::WriteByte(unsigned char)
 .text._ZN13DS18B20Sensor8ReadByteEv
                0x080078aa       0x44 ./Core/Src/TemperatureSensors.o
                0x080078aa                DS18B20Sensor::ReadByte()
 .text._ZN13DS18B20Sensor15StartConversionEv
                0x080078ee       0x38 ./Core/Src/TemperatureSensors.o
                0x080078ee                DS18B20Sensor::StartConversion()
 .text._ZN13DS18B20Sensor14ReadScratchpadEPh
                0x08007926       0x78 ./Core/Src/TemperatureSensors.o
                0x08007926                DS18B20Sensor::ReadScratchpad(unsigned char*)
 .text._ZN13DS18B20Sensor4Crc8EPKhh
                0x0800799e       0x78 ./Core/Src/TemperatureSensors.o
                0x0800799e                DS18B20Sensor::Crc8(unsigned char const*, unsigned char)
 *fill*         0x08007a16        0x2 
 .text._ZN13DS18B20Sensor14GetTemperatureEv
                0x08007a18       0xd4 ./Core/Src/TemperatureSensors.o
                0x08007a18                DS18B20Sensor::GetTemperature()
 .text._ZN13DS18B20SensorD2Ev
                0x08007aec       0x24 ./Core/Src/TemperatureSensors.o
                0x08007aec                DS18B20Sensor::~DS18B20Sensor()
                0x08007aec                DS18B20Sensor::~DS18B20Sensor()
 .text._ZN13DS18B20SensorD0Ev
                0x08007b10       0x20 ./Core/Src/TemperatureSensors.o