../Core/Src/liquidcrystal_i2c.c:47:9:Initialize_HD44780	16	static
../Core/Src/liquidcrystal_i2c.c:78:9:HD44780_Init	16	static
../Core/Src/liquidcrystal_i2c.c:141:9:HD44780_Clear	16	static
../Core/Src/liquidcrystal_i2c.c:148:9:HD44780_Home	16	static
../Core/Src/liquidcrystal_i2c.c:155:9:HD44780_SetCursor	40	static
../Core/Src/liquidcrystal_i2c.c:165:6:HD44780_NoDisplay	8	static
../Core/Src/liquidcrystal_i2c.c:171:9:HD44780_Display	8	static
../Core/Src/liquidcrystal_i2c.c:177:6:HD44780_NoCursor	8	static
../Core/Src/liquidcrystal_i2c.c:183:6:HD44780_Cursor	8	static
../Core/Src/liquidcrystal_i2c.c:189:6:HD44780_NoBlink	8	static
../Core/Src/liquidcrystal_i2c.c:195:6:HD44780_Blink	8	static
../Core/Src/liquidcrystal_i2c.c:201:6:HD44780_ScrollDisplayLeft	8	static
../Core/Src/liquidcrystal_i2c.c:206:6:HD44780_ScrollDisplayRight	8	static
../Core/Src/liquidcrystal_i2c.c:211:6:HD44780_LeftToRight	8	static
../Core/Src/liquidcrystal_i2c.c:217:6:HD44780_RightToLeft	8	static
../Core/Src/liquidcrystal_i2c.c:223:6:HD44780_AutoScroll	8	static
../Core/Src/liquidcrystal_i2c.c:229:6:HD44780_NoAutoScroll	8	static
../Core/Src/liquidcrystal_i2c.c:235:9:HD44780_CreateSpecialChar	24	static
../Core/Src/liquidcrystal_i2c.c:254:9:HD44780_LoadCustomCharacter	16	static
../Core/Src/liquidcrystal_i2c.c:259:9:HD44780_PrintStr	16	static
../Core/Src/liquidcrystal_i2c.c:269:6:HD44780_SetBacklight	16	static
../Core/Src/liquidcrystal_i2c.c:275:6:HD44780_NoBacklight	8	static
../Core/Src/liquidcrystal_i2c.c:281:6:HD44780_Backlight	8	static
../Core/Src/liquidcrystal_i2c.c:287:16:SendCommand	16	static
../Core/Src/liquidcrystal_i2c.c:292:16:SendChar	16	static
../Core/Src/liquidcrystal_i2c.c:297:16:Send	24	static
../Core/Src/liquidcrystal_i2c.c:309:16:Write4Bits	24	static
../Core/Src/liquidcrystal_i2c.c:319:26:ExpanderWrite	32	static
../Core/Src/liquidcrystal_i2c.c:325:9:PulseEnable	24	static
../Core/Src/liquidcrystal_i2c.c:340:6:TextByLine	16	static
../Core/Src/liquidcrystal_i2c.c:350:6:ScrollTextOnce	80	static
../Core/Src/liquidcrystal_i2c.c:386:9:I2C_FindDevices	32	static
