../Core/Inc/EnviromentConfiguration.hpp:17:8:GPIOConfiguration::GPIOConfiguration()	16	static
../Core/Inc/EnviromentConfiguration.hpp:11:8:constexpr TimeConfig::TimeConfig()	16	static
../Core/Inc/EnviromentConfiguration.hpp:41:8:LightConfig::LightConfig()	16	static
../Core/Inc/EnviromentConfiguration.hpp:50:8:HeaterConfig::HeaterConfig()	16	static
../Core/Inc/EnviromentConfiguration.hpp:60:8:WaterLvlConfig::WaterLvlConfig()	16	static
../Core/Inc/EnviromentConfiguration.hpp:67:8:AquaConfig::AquaConfig()	16	static
../Core/Inc/AlarmRTC.hpp:16:7:constexpr IAlarmRTC::IAlarmRTC()	16	static
../Core/Inc/AlarmRTC.hpp:23:7:alarmRTC::alarmRTC()	16	static
../Core/Src/main.cpp:103:5:int main()	128	static
../Core/Src/main.cpp:333:6:void SystemClock_Config()	88	static
../Core/Src/main.cpp:380:6:void HAL_TIM_PeriodElapsedCallback(TIM_HandleTypeDef*)	16	static
../Core/Src/main.cpp:397:6:void HAL_GPIO_EXTI_Callback(uint16_t)	16	static
../Core/Src/main.cpp:411:6:void Error_Handler()	4	static,ignoring_inline_asm
../Core/Src/main.cpp:420:1:void __static_initialization_and_destruction_0()	8	static
../Core/Src/main.cpp:420:1:cpp)	8	static
