../Core/Inc/TemperatureSensors.hpp:16:7:constexpr ITemperatureSensor::ITemperatureSensor()	16	static
../Core/Inc/TemperatureSensors.hpp:19:10:ITemperatureSensor::~ITemperatureSensor()	16	static
../Core/Inc/TemperatureSensors.hpp:19:10:virtual ITemperatureSensor::~ITemperatureSensor()	16	static
../Core/Src/TemperatureSensors.cpp:51:1:DS18B20Sensor::DS18B20Sensor(GPIO_TypeDef*, uint16_t, TIM_HandleTypeDef*)	24	static
../Core/Src/TemperatureSensors.cpp:59:6:void DS18B20Sensor::DelayUs(uint16_t)	16	static
../Core/Src/TemperatureSensors.cpp:66:6:void DS18B20Sensor::LineInput()	40	static
../Core/Src/TemperatureSensors.cpp:75:6:void DS18B20Sensor::LineOutputOD()	40	static
../Core/Src/TemperatureSensors.cpp:85:6:void DS18B20Sensor::DriveLow()	16	static
../Core/Src/TemperatureSensors.cpp:91:6:void DS18B20Sensor::ReleaseLine()	16	static
../Core/Src/TemperatureSensors.cpp:97:9:uint8_t DS18B20Sensor::ReadLine()	16	static
../Core/Src/TemperatureSensors.cpp:102:6:bool DS18B20Sensor::ResetPulse()	24	static
../Core/Src/TemperatureSensors.cpp:118:6:void DS18B20Sensor::WriteBit(uint8_t)	16	static
../Core/Src/TemperatureSensors.cpp:134:9:uint8_t DS18B20Sensor::ReadBit()	24	static
../Core/Src/TemperatureSensors.cpp:147:6:void DS18B20Sensor::WriteByte(uint8_t)	24	static
../Core/Src/TemperatureSensors.cpp:156:10:uint8_t DS18B20Sensor::ReadByte()	24	static
../Core/Src/TemperatureSensors.cpp:165:6:bool DS18B20Sensor::StartConversion()	16	static
../Core/Src/TemperatureSensors.cpp:173:6:bool DS18B20Sensor::ReadScratchpad(uint8_t*)	32	static
../Core/Src/TemperatureSensors.cpp:188:9:static uint8_t DS18B20Sensor::Crc8(const uint8_t*, uint8_t)	24	static
../Core/Src/TemperatureSensors.cpp:203:7:virtual float DS18B20Sensor::GetTemperature()	32	static
../Core/Inc/TemperatureSensors.hpp:48:7:DS18B20Sensor::~DS18B20Sensor()	16	static
../Core/Inc/TemperatureSensors.hpp:48:7:virtual DS18B20Sensor::~DS18B20Sensor()	16	static
